#
# There is insufficient memory for the Java Runtime Environment to continue.
# Native memory allocation (mmap) failed to map 256901120 bytes for G1 virtual space
# Possible reasons:
#   The system is out of physical RAM or swap space
#   The process is running with CompressedOops enabled, and the Java Heap may be blocking the growth of the native heap
# Possible solutions:
#   Reduce memory load on the system
#   Increase physical memory or swap space
#   Check if swap backing store is full
#   Decrease Java heap size (-Xmx/-Xms)
#   Decrease number of Java threads
#   Decrease Java thread stack sizes (-Xss)
#   Set larger code cache with -XX:ReservedCodeCacheSize=
#   JVM is running with Unscaled Compressed Oops mode in which the Java heap is
#     placed in the first 4GB address space. The Java Heap base address is the
#     maximum limit for the native heap growth. Please use -XX:HeapBaseMinAddress
#     to set the Java Heap base and to place the Java Heap above 4GB virtual address.
# This output file may be truncated or incomplete.
#
#  Out of Memory Error (os_windows.cpp:3600), pid=8756, tid=15708
#
# JRE version: Java(TM) SE Runtime Environment (21.0.5+9) (build 21.0.5+9-LTS-239)
# Java VM: Java HotSpot(TM) 64-Bit Server VM (21.0.5+9-LTS-239, mixed mode, sharing, tiered, compressed oops, compressed class ptrs, g1 gc, windows-amd64)
# No core dump will be written. Minidumps are not enabled by default on client versions of Windows
#

---------------  S U M M A R Y ------------

Command Line: -Dfile.encoding=UTF-8 --module-path=C:\Users\User\Documents\NetBeansProjects\Allionz-IMS\build\classes gui.MainApplication

Host: Intel(R) Core(TM) i5-8365U CPU @ 1.60GHz, 8 cores, 7G,  Windows 11 , 64 bit Build 26100 (10.0.26100.3775)
Time: Fri May 23 13:21:21 2025 Sri Lanka Standard Time elapsed time: 79051.252483 seconds (0d 21h 57m 31s)

---------------  T H R E A D  ---------------

Current thread (0x000001dd3386d390):  VMThread "VM Thread"          [id=15708, stack(0x0000005e7c300000,0x0000005e7c400000) (1024K)]

Stack: [0x0000005e7c300000,0x0000005e7c400000]
Native frames: (J=compiled Java code, j=interpreted, Vv=VM code, C=native code)
V  [jvm.dll+0x6ca289]
V  [jvm.dll+0x854a51]
V  [jvm.dll+0x856f7e]
V  [jvm.dll+0x857653]
V  [jvm.dll+0x27dd26]
V  [jvm.dll+0x6c6a25]
V  [jvm.dll+0x6bb5aa]
V  [jvm.dll+0x35359a]
V  [jvm.dll+0x35b1f6]
V  [jvm.dll+0x3adade]
V  [jvm.dll+0x3add88]
V  [jvm.dll+0x3278fc]
V  [jvm.dll+0x327987]
V  [jvm.dll+0x36c26c]
V  [jvm.dll+0x36aabe]
V  [jvm.dll+0x3270c1]
V  [jvm.dll+0x36a1da]
V  [jvm.dll+0x85d420]
V  [jvm.dll+0x85e7a4]
V  [jvm.dll+0x85ece0]
V  [jvm.dll+0x85ef83]
V  [jvm.dll+0x7fee9b]
V  [jvm.dll+0x6c896d]
C  [ucrtbase.dll+0x37b0]
C  [KERNEL32.DLL+0x2e8d7]
C  [ntdll.dll+0xb14fc]

VM_Operation (0x0000005e7ddfeee0): G1CollectForAllocation, mode: safepoint, requested by thread 0x000001dd7959ef60


---------------  P R O C E S S  ---------------

Threads class SMR info:
_java_thread_list=0x000001dd7c5dc860, length=19, elements={
0x000001dd33886250, 0x000001dd33886ab0, 0x000001dd3388c230, 0x000001dd3388c9c0,
0x000001dd338932a0, 0x000001dd3389eb90, 0x000001dd3389fae0, 0x000001dd338a02b0,
0x000001dd338569a0, 0x000001dd33b670f0, 0x000001dd33d65d80, 0x000001dd790158c0,
0x000001dd79015f20, 0x000001dd79070450, 0x000001dd7a6720b0, 0x000001dd1676ede0,
0x000001dd33ac2c40, 0x000001dd795a1030, 0x000001dd7959ef60
}

Java Threads: ( => current thread )
  0x000001dd33886250 JavaThread "Reference Handler"          daemon [_thread_blocked, id=14508, stack(0x0000005e7c400000,0x0000005e7c500000) (1024K)]
  0x000001dd33886ab0 JavaThread "Finalizer"                  daemon [_thread_blocked, id=7756, stack(0x0000005e7c500000,0x0000005e7c600000) (1024K)]
  0x000001dd3388c230 JavaThread "Signal Dispatcher"          daemon [_thread_blocked, id=792, stack(0x0000005e7c600000,0x0000005e7c700000) (1024K)]
  0x000001dd3388c9c0 JavaThread "Attach Listener"            daemon [_thread_blocked, id=10908, stack(0x0000005e7c700000,0x0000005e7c800000) (1024K)]
  0x000001dd338932a0 JavaThread "Service Thread"             daemon [_thread_blocked, id=15500, stack(0x0000005e7c800000,0x0000005e7c900000) (1024K)]
  0x000001dd3389eb90 JavaThread "Monitor Deflation Thread"   daemon [_thread_blocked, id=17012, stack(0x0000005e7c900000,0x0000005e7ca00000) (1024K)]
  0x000001dd3389fae0 JavaThread "C2 CompilerThread0"         daemon [_thread_blocked, id=14312, stack(0x0000005e7ca00000,0x0000005e7cb00000) (1024K)]
  0x000001dd338a02b0 JavaThread "C1 CompilerThread0"         daemon [_thread_blocked, id=15448, stack(0x0000005e7cb00000,0x0000005e7cc00000) (1024K)]
  0x000001dd338569a0 JavaThread "Common-Cleaner"             daemon [_thread_blocked, id=6656, stack(0x0000005e7cc00000,0x0000005e7cd00000) (1024K)]
  0x000001dd33b670f0 JavaThread "Notification Thread"        daemon [_thread_blocked, id=12336, stack(0x0000005e7cd00000,0x0000005e7ce00000) (1024K)]
  0x000001dd33d65d80 JavaThread "Java2D Disposer"            daemon [_thread_blocked, id=12940, stack(0x0000005e7cf00000,0x0000005e7d000000) (1024K)]
  0x000001dd790158c0 JavaThread "AWT-Shutdown"                      [_thread_blocked, id=17268, stack(0x0000005e7d000000,0x0000005e7d100000) (1024K)]
  0x000001dd79015f20 JavaThread "AWT-Windows"                daemon [_thread_in_native, id=13224, stack(0x0000005e7d100000,0x0000005e7d200000) (1024K)]
  0x000001dd79070450 JavaThread "AWT-EventQueue-0"                  [_thread_blocked, id=2096, stack(0x0000005e7d200000,0x0000005e7d300000) (1024K)]
  0x000001dd7a6720b0 JavaThread "SwingWorker-pool-1-thread-1" daemon [_thread_blocked, id=4580, stack(0x0000005e7d300000,0x0000005e7d400000) (1024K)]
  0x000001dd1676ede0 JavaThread "DestroyJavaVM"                     [_thread_blocked, id=16372, stack(0x0000005e7bc00000,0x0000005e7bd00000) (1024K)]
  0x000001dd33ac2c40 JavaThread "TimerQueue"                 daemon [_thread_blocked, id=10636, stack(0x0000005e7d400000,0x0000005e7d500000) (1024K)]
  0x000001dd795a1030 JavaThread "mysql-cj-abandoned-connection-cleanup" daemon [_thread_blocked, id=2252, stack(0x0000005e7b900000,0x0000005e7ba00000) (1024K)]
  0x000001dd7959ef60 JavaThread "Thread-0"                          [_thread_blocked, id=8416, stack(0x0000005e7dd00000,0x0000005e7de00000) (1024K)]
Total: 19

Other Threads:
=>0x000001dd3386d390 VMThread "VM Thread"                           [id=15708, stack(0x0000005e7c300000,0x0000005e7c400000) (1024K)]
  0x000001dd33855b70 WatcherThread "VM Periodic Task Thread"        [id=6812, stack(0x0000005e7c200000,0x0000005e7c300000) (1024K)]
  0x000001dd167bca50 WorkerThread "GC Thread#0"                     [id=15556, stack(0x0000005e7bd00000,0x0000005e7be00000) (1024K)]
  0x000001dd7a2dd020 WorkerThread "GC Thread#1"                     [id=15608, stack(0x0000005e7d500000,0x0000005e7d600000) (1024K)]
  0x000001dd797c7f80 WorkerThread "GC Thread#2"                     [id=13712, stack(0x0000005e7d600000,0x0000005e7d700000) (1024K)]
  0x000001dd797c8320 WorkerThread "GC Thread#3"                     [id=16208, stack(0x0000005e7d700000,0x0000005e7d800000) (1024K)]
  0x000001dd797c86c0 WorkerThread "GC Thread#4"                     [id=4144, stack(0x0000005e7d800000,0x0000005e7d900000) (1024K)]
  0x000001dd797c8e70 WorkerThread "GC Thread#5"                     [id=9052, stack(0x0000005e7d900000,0x0000005e7da00000) (1024K)]
  0x000001dd7a237600 WorkerThread "GC Thread#6"                     [id=3120, stack(0x0000005e7da00000,0x0000005e7db00000) (1024K)]
  0x000001dd797de380 WorkerThread "GC Thread#7"                     [id=1036, stack(0x0000005e7db00000,0x0000005e7dc00000) (1024K)]
  0x000001dd167cd590 ConcurrentGCThread "G1 Main Marker"            [id=16224, stack(0x0000005e7be00000,0x0000005e7bf00000) (1024K)]
  0x000001dd167cfab0 WorkerThread "G1 Conc#0"                       [id=2304, stack(0x0000005e7bf00000,0x0000005e7c000000) (1024K)]
  0x000001dd7a3553c0 WorkerThread "G1 Conc#1"                       [id=8264, stack(0x0000005e7e000000,0x0000005e7e100000) (1024K)]
  0x000001dd33728660 ConcurrentGCThread "G1 Refine#0"               [id=4072, stack(0x0000005e7c000000,0x0000005e7c100000) (1024K)]
  0x000001dd33728a90 ConcurrentGCThread "G1 Service"                [id=7164, stack(0x0000005e7c100000,0x0000005e7c200000) (1024K)]
Total: 15

Threads with active compile tasks:
Total: 0

VM state: at safepoint (normal execution)

VM Mutex/Monitor currently owned by a thread:  ([mutex/lock_event])
[0x00007ff80b5ebe98] Threads_lock - owner thread: 0x000001dd3386d390
[0x00007ff80b5ebf98] Heap_lock - owner thread: 0x000001dd7959ef60

Heap address: 0x0000000082e00000, size: 2002 MB, Compressed Oops mode: 32-bit

CDS archive(s) mapped at: [0x000001dd34000000-0x000001dd34c90000-0x000001dd34c90000), size 13172736, SharedBaseAddress: 0x000001dd34000000, ArchiveRelocationMode: 1.
Compressed class space mapped at: 0x000001dd35000000-0x000001dd75000000, reserved size: 1073741824
Narrow klass base: 0x000001dd34000000, Narrow klass shift: 0, Narrow klass range: 0x100000000

GC Precious Log:
 CardTable entry size: 512
 Card Set container configuration: InlinePtr #cards 5 size 8 Array Of Cards #cards 12 size 40 Howl #buckets 4 coarsen threshold 1843 Howl Bitmap #cards 512 size 80 coarsen threshold 460 Card regions per heap region 1 cards per card region 2048
 CPUs: 8 total, 8 available
 Memory: 8002M
 Large Page Support: Disabled
 NUMA Support: Disabled
 Compressed Oops: Enabled (32-bit)
 Heap Region Size: 1M
 Heap Min Capacity: 8M
 Heap Initial Capacity: 126M
 Heap Max Capacity: 2002M
 Pre-touch: Disabled
 Parallel Workers: 8
 Concurrent Workers: 2
 Concurrent Refinement Workers: 8
 Periodic GC: Disabled

Heap:
 garbage-first heap   total 389120K, used 93360K [0x0000000082e00000, 0x0000000100000000)
  region size 1024K, 1 young (1024K), 1 survivors (1024K)
 Metaspace       used 31159K, committed 31552K, reserved 1114112K
  class space    used 3342K, committed 3520K, reserved 1048576K

Heap Regions: E=young(eden), S=young(survivor), O=old, HS=humongous(starts), HC=humongous(continues), CS=collection set, F=free, TAMS=top-at-mark-start, PB=parsable bottom
|   0|0x0000000082e00000, 0x0000000082f00000, 0x0000000082f00000|100%|HS|  |TAMS 0x0000000082e00000| PB 0x0000000082e00000| Complete 
|   1|0x0000000082f00000, 0x0000000083000000, 0x0000000083000000|100%|HC|  |TAMS 0x0000000082f00000| PB 0x0000000082f00000| Complete 
|   2|0x0000000083000000, 0x0000000083100000, 0x0000000083100000|100%| O|  |TAMS 0x0000000083000000| PB 0x0000000083000000| Untracked 
|   3|0x0000000083100000, 0x0000000083200000, 0x0000000083200000|100%| O|  |TAMS 0x0000000083100000| PB 0x0000000083100000| Untracked 
|   4|0x0000000083200000, 0x0000000083300000, 0x0000000083300000|100%| O|  |TAMS 0x0000000083200000| PB 0x0000000083200000| Untracked 
|   5|0x0000000083300000, 0x0000000083400000, 0x0000000083400000|100%| O|  |TAMS 0x0000000083300000| PB 0x0000000083300000| Untracked 
|   6|0x0000000083400000, 0x0000000083500000, 0x0000000083500000|100%| O|  |TAMS 0x0000000083400000| PB 0x0000000083400000| Untracked 
|   7|0x0000000083500000, 0x0000000083600000, 0x0000000083600000|100%| O|  |TAMS 0x0000000083500000| PB 0x0000000083500000| Untracked 
|   8|0x0000000083600000, 0x0000000083700000, 0x0000000083700000|100%| O|  |TAMS 0x0000000083600000| PB 0x0000000083600000| Untracked 
|   9|0x0000000083700000, 0x0000000083800000, 0x0000000083800000|100%| O|  |TAMS 0x0000000083700000| PB 0x0000000083700000| Untracked 
|  10|0x0000000083800000, 0x0000000083900000, 0x0000000083900000|100%| O|  |TAMS 0x0000000083800000| PB 0x0000000083800000| Untracked 
|  11|0x0000000083900000, 0x0000000083a00000, 0x0000000083a00000|100%|HS|  |TAMS 0x0000000083900000| PB 0x0000000083900000| Complete 
|  12|0x0000000083a00000, 0x0000000083b00000, 0x0000000083b00000|100%|HC|  |TAMS 0x0000000083a00000| PB 0x0000000083a00000| Complete 
|  13|0x0000000083b00000, 0x0000000083c00000, 0x0000000083c00000|100%|HC|  |TAMS 0x0000000083b00000| PB 0x0000000083b00000| Complete 
|  14|0x0000000083c00000, 0x0000000083d00000, 0x0000000083d00000|100%| O|  |TAMS 0x0000000083c00000| PB 0x0000000083c00000| Untracked 
|  15|0x0000000083d00000, 0x0000000083e00000, 0x0000000083e00000|100%| O|  |TAMS 0x0000000083d00000| PB 0x0000000083d00000| Untracked 
|  16|0x0000000083e00000, 0x0000000083f00000, 0x0000000083f00000|100%| O|  |TAMS 0x0000000083e00000| PB 0x0000000083e00000| Untracked 
|  17|0x0000000083f00000, 0x0000000084000000, 0x0000000084000000|100%| O|  |TAMS 0x0000000083f00000| PB 0x0000000083f00000| Untracked 
|  18|0x0000000084000000, 0x0000000084100000, 0x0000000084100000|100%| O|  |TAMS 0x0000000084000000| PB 0x0000000084000000| Untracked 
|  19|0x0000000084100000, 0x0000000084200000, 0x0000000084200000|100%| O|  |TAMS 0x0000000084100000| PB 0x0000000084100000| Untracked 
|  20|0x0000000084200000, 0x0000000084300000, 0x0000000084300000|100%| O|  |TAMS 0x0000000084200000| PB 0x0000000084200000| Untracked 
|  21|0x0000000084300000, 0x0000000084400000, 0x0000000084400000|100%| O|  |TAMS 0x0000000084300000| PB 0x0000000084300000| Untracked 
|  22|0x0000000084400000, 0x0000000084500000, 0x0000000084500000|100%| O|  |TAMS 0x0000000084400000| PB 0x0000000084400000| Untracked 
|  23|0x0000000084500000, 0x0000000084600000, 0x0000000084600000|100%| O|  |TAMS 0x0000000084500000| PB 0x0000000084500000| Untracked 
|  24|0x0000000084600000, 0x0000000084700000, 0x0000000084700000|100%| O|  |TAMS 0x0000000084600000| PB 0x0000000084600000| Untracked 
|  25|0x0000000084700000, 0x0000000084800000, 0x0000000084800000|100%|HS|  |TAMS 0x0000000084700000| PB 0x0000000084700000| Complete 
|  26|0x0000000084800000, 0x0000000084900000, 0x0000000084900000|100%| O|  |TAMS 0x0000000084800000| PB 0x0000000084800000| Untracked 
|  27|0x0000000084900000, 0x0000000084a00000, 0x0000000084a00000|100%|HS|  |TAMS 0x0000000084900000| PB 0x0000000084900000| Complete 
|  28|0x0000000084a00000, 0x0000000084b00000, 0x0000000084b00000|100%|HC|  |TAMS 0x0000000084a00000| PB 0x0000000084a00000| Complete 
|  29|0x0000000084b00000, 0x0000000084c00000, 0x0000000084c00000|100%|HC|  |TAMS 0x0000000084b00000| PB 0x0000000084b00000| Complete 
|  30|0x0000000084c00000, 0x0000000084d00000, 0x0000000084d00000|100%|HC|  |TAMS 0x0000000084c00000| PB 0x0000000084c00000| Complete 
|  31|0x0000000084d00000, 0x0000000084e00000, 0x0000000084e00000|100%|HC|  |TAMS 0x0000000084d00000| PB 0x0000000084d00000| Complete 
|  32|0x0000000084e00000, 0x0000000084f00000, 0x0000000084f00000|100%|HC|  |TAMS 0x0000000084e00000| PB 0x0000000084e00000| Complete 
|  33|0x0000000084f00000, 0x0000000085000000, 0x0000000085000000|100%|HC|  |TAMS 0x0000000084f00000| PB 0x0000000084f00000| Complete 
|  34|0x0000000085000000, 0x0000000085100000, 0x0000000085100000|100%|HC|  |TAMS 0x0000000085000000| PB 0x0000000085000000| Complete 
|  35|0x0000000085100000, 0x0000000085200000, 0x0000000085200000|100%|HC|  |TAMS 0x0000000085100000| PB 0x0000000085100000| Complete 
|  36|0x0000000085200000, 0x0000000085300000, 0x0000000085300000|100%|HC|  |TAMS 0x0000000085200000| PB 0x0000000085200000| Complete 
|  37|0x0000000085300000, 0x0000000085400000, 0x0000000085400000|100%|HC|  |TAMS 0x0000000085300000| PB 0x0000000085300000| Complete 
|  38|0x0000000085400000, 0x0000000085500000, 0x0000000085500000|100%|HC|  |TAMS 0x0000000085400000| PB 0x0000000085400000| Complete 
|  39|0x0000000085500000, 0x0000000085600000, 0x0000000085600000|100%|HC|  |TAMS 0x0000000085500000| PB 0x0000000085500000| Complete 
|  40|0x0000000085600000, 0x0000000085700000, 0x0000000085700000|100%|HC|  |TAMS 0x0000000085600000| PB 0x0000000085600000| Complete 
|  41|0x0000000085700000, 0x0000000085800000, 0x0000000085800000|100%|HC|  |TAMS 0x0000000085700000| PB 0x0000000085700000| Complete 
|  42|0x0000000085800000, 0x0000000085900000, 0x0000000085900000|100%|HC|  |TAMS 0x0000000085800000| PB 0x0000000085800000| Complete 
|  43|0x0000000085900000, 0x0000000085a00000, 0x0000000085a00000|100%|HC|  |TAMS 0x0000000085900000| PB 0x0000000085900000| Complete 
|  44|0x0000000085a00000, 0x0000000085b00000, 0x0000000085b00000|100%|HC|  |TAMS 0x0000000085a00000| PB 0x0000000085a00000| Complete 
|  45|0x0000000085b00000, 0x0000000085c00000, 0x0000000085c00000|100%|HC|  |TAMS 0x0000000085b00000| PB 0x0000000085b00000| Complete 
|  46|0x0000000085c00000, 0x0000000085d00000, 0x0000000085d00000|100%|HC|  |TAMS 0x0000000085c00000| PB 0x0000000085c00000| Complete 
|  47|0x0000000085d00000, 0x0000000085e00000, 0x0000000085e00000|100%|HC|  |TAMS 0x0000000085d00000| PB 0x0000000085d00000| Complete 
|  48|0x0000000085e00000, 0x0000000085f00000, 0x0000000085f00000|100%|HC|  |TAMS 0x0000000085e00000| PB 0x0000000085e00000| Complete 
|  49|0x0000000085f00000, 0x0000000086000000, 0x0000000086000000|100%|HC|  |TAMS 0x0000000085f00000| PB 0x0000000085f00000| Complete 
|  50|0x0000000086000000, 0x0000000086100000, 0x0000000086100000|100%|HC|  |TAMS 0x0000000086000000| PB 0x0000000086000000| Complete 
|  51|0x0000000086100000, 0x0000000086200000, 0x0000000086200000|100%|HC|  |TAMS 0x0000000086100000| PB 0x0000000086100000| Complete 
|  52|0x0000000086200000, 0x0000000086300000, 0x0000000086300000|100%|HC|  |TAMS 0x0000000086200000| PB 0x0000000086200000| Complete 
|  53|0x0000000086300000, 0x0000000086400000, 0x0000000086400000|100%|HC|  |TAMS 0x0000000086300000| PB 0x0000000086300000| Complete 
|  54|0x0000000086400000, 0x0000000086500000, 0x0000000086500000|100%|HC|  |TAMS 0x0000000086400000| PB 0x0000000086400000| Complete 
|  55|0x0000000086500000, 0x0000000086600000, 0x0000000086600000|100%|HC|  |TAMS 0x0000000086500000| PB 0x0000000086500000| Complete 
|  56|0x0000000086600000, 0x0000000086700000, 0x0000000086700000|100%|HC|  |TAMS 0x0000000086600000| PB 0x0000000086600000| Complete 
|  57|0x0000000086700000, 0x0000000086800000, 0x0000000086800000|100%|HC|  |TAMS 0x0000000086700000| PB 0x0000000086700000| Complete 
|  58|0x0000000086800000, 0x0000000086900000, 0x0000000086900000|100%|HC|  |TAMS 0x0000000086800000| PB 0x0000000086800000| Complete 
|  59|0x0000000086900000, 0x0000000086a00000, 0x0000000086a00000|100%|HC|  |TAMS 0x0000000086900000| PB 0x0000000086900000| Complete 
|  60|0x0000000086a00000, 0x0000000086b00000, 0x0000000086b00000|100%|HC|  |TAMS 0x0000000086a00000| PB 0x0000000086a00000| Complete 
|  61|0x0000000086b00000, 0x0000000086c00000, 0x0000000086c00000|100%|HC|  |TAMS 0x0000000086b00000| PB 0x0000000086b00000| Complete 
|  62|0x0000000086c00000, 0x0000000086d00000, 0x0000000086d00000|100%| O|  |TAMS 0x0000000086c00000| PB 0x0000000086c00000| Untracked 
|  63|0x0000000086d00000, 0x0000000086e00000, 0x0000000086e00000|100%|HS|  |TAMS 0x0000000086d00000| PB 0x0000000086d00000| Complete 
|  64|0x0000000086e00000, 0x0000000086f00000, 0x0000000086f00000|100%|HC|  |TAMS 0x0000000086e00000| PB 0x0000000086e00000| Complete 
|  65|0x0000000086f00000, 0x0000000087000000, 0x0000000087000000|100%|HC|  |TAMS 0x0000000086f00000| PB 0x0000000086f00000| Complete 
|  66|0x0000000087000000, 0x0000000087100000, 0x0000000087100000|100%|HC|  |TAMS 0x0000000087000000| PB 0x0000000087000000| Complete 
|  67|0x0000000087100000, 0x0000000087200000, 0x0000000087200000|100%|HC|  |TAMS 0x0000000087100000| PB 0x0000000087100000| Complete 
|  68|0x0000000087200000, 0x0000000087300000, 0x0000000087300000|100%|HC|  |TAMS 0x0000000087200000| PB 0x0000000087200000| Complete 
|  69|0x0000000087300000, 0x0000000087400000, 0x0000000087400000|100%| O|  |TAMS 0x0000000087300000| PB 0x0000000087300000| Untracked 
|  70|0x0000000087400000, 0x0000000087500000, 0x0000000087500000|100%| O|  |TAMS 0x0000000087400000| PB 0x0000000087400000| Untracked 
|  71|0x0000000087500000, 0x0000000087600000, 0x0000000087600000|100%| O|  |TAMS 0x0000000087500000| PB 0x0000000087500000| Untracked 
|  72|0x0000000087600000, 0x0000000087700000, 0x0000000087700000|100%| O|  |TAMS 0x0000000087600000| PB 0x0000000087600000| Untracked 
|  73|0x0000000087700000, 0x0000000087800000, 0x0000000087800000|100%| O|  |TAMS 0x0000000087700000| PB 0x0000000087700000| Untracked 
|  74|0x0000000087800000, 0x0000000087900000, 0x0000000087900000|100%| O|  |TAMS 0x0000000087800000| PB 0x0000000087800000| Untracked 
|  75|0x0000000087900000, 0x0000000087a00000, 0x0000000087a00000|100%| O|  |TAMS 0x0000000087900000| PB 0x0000000087900000| Untracked 
|  76|0x0000000087a00000, 0x0000000087b00000, 0x0000000087b00000|100%| O|  |TAMS 0x0000000087a00000| PB 0x0000000087a00000| Untracked 
|  77|0x0000000087b00000, 0x0000000087c00000, 0x0000000087c00000|100%| O|  |TAMS 0x0000000087b00000| PB 0x0000000087b00000| Untracked 
|  78|0x0000000087c00000, 0x0000000087d00000, 0x0000000087d00000|100%| O|  |TAMS 0x0000000087c00000| PB 0x0000000087c00000| Untracked 
|  79|0x0000000087d00000, 0x0000000087e00000, 0x0000000087e00000|100%| O|  |TAMS 0x0000000087d00000| PB 0x0000000087d00000| Untracked 
|  80|0x0000000087e00000, 0x0000000087f00000, 0x0000000087f00000|100%| O|  |TAMS 0x0000000087e00000| PB 0x0000000087e00000| Untracked 
|  81|0x0000000087f00000, 0x0000000088000000, 0x0000000088000000|100%| O|  |TAMS 0x0000000087f00000| PB 0x0000000087f00000| Untracked 
|  82|0x0000000088000000, 0x0000000088100000, 0x0000000088100000|100%| O|  |TAMS 0x0000000088000000| PB 0x0000000088000000| Untracked 
|  83|0x0000000088100000, 0x0000000088200000, 0x0000000088200000|100%| O|  |TAMS 0x0000000088100000| PB 0x0000000088100000| Untracked 
|  84|0x0000000088200000, 0x0000000088300000, 0x0000000088300000|100%| O|  |TAMS 0x0000000088200000| PB 0x0000000088200000| Untracked 
|  85|0x0000000088300000, 0x0000000088400000, 0x0000000088400000|100%| O|  |TAMS 0x0000000088300000| PB 0x0000000088300000| Untracked 
|  86|0x0000000088400000, 0x0000000088500000, 0x0000000088500000|100%| O|  |TAMS 0x0000000088400000| PB 0x0000000088400000| Untracked 
|  87|0x0000000088500000, 0x0000000088600000, 0x0000000088600000|100%| O|  |TAMS 0x0000000088500000| PB 0x0000000088500000| Untracked 
|  88|0x0000000088600000, 0x0000000088700000, 0x0000000088700000|100%| O|  |TAMS 0x0000000088600000| PB 0x0000000088600000| Untracked 
|  89|0x0000000088700000, 0x0000000088800000, 0x0000000088800000|100%| O|  |TAMS 0x0000000088700000| PB 0x0000000088700000| Untracked 
|  90|0x0000000088800000, 0x0000000088900000, 0x0000000088900000|100%| O|  |TAMS 0x0000000088800000| PB 0x0000000088800000| Untracked 
|  91|0x0000000088900000, 0x00000000889288a0, 0x0000000088a00000| 15%| O|  |TAMS 0x0000000088900000| PB 0x0000000088900000| Untracked 
|  92|0x0000000088a00000, 0x0000000088a00000, 0x0000000088b00000|  0%| F|  |TAMS 0x0000000088a00000| PB 0x0000000088a00000| Untracked 
|  93|0x0000000088b00000, 0x0000000088b00000, 0x0000000088c00000|  0%| F|  |TAMS 0x0000000088b00000| PB 0x0000000088b00000| Untracked 
|  94|0x0000000088c00000, 0x0000000088c00000, 0x0000000088d00000|  0%| F|  |TAMS 0x0000000088c00000| PB 0x0000000088c00000| Untracked 
|  95|0x0000000088d00000, 0x0000000088d00000, 0x0000000088e00000|  0%| F|  |TAMS 0x0000000088d00000| PB 0x0000000088d00000| Untracked 
|  96|0x0000000088e00000, 0x0000000088e00000, 0x0000000088f00000|  0%| F|  |TAMS 0x0000000088e00000| PB 0x0000000088e00000| Untracked 
|  97|0x0000000088f00000, 0x0000000088f00000, 0x0000000089000000|  0%| F|  |TAMS 0x0000000088f00000| PB 0x0000000088f00000| Untracked 
|  98|0x0000000089000000, 0x0000000089000000, 0x0000000089100000|  0%| F|  |TAMS 0x0000000089000000| PB 0x0000000089000000| Untracked 
|  99|0x0000000089100000, 0x0000000089100000, 0x0000000089200000|  0%| F|  |TAMS 0x0000000089100000| PB 0x0000000089100000| Untracked 
| 100|0x0000000089200000, 0x0000000089200000, 0x0000000089300000|  0%| F|  |TAMS 0x0000000089200000| PB 0x0000000089200000| Untracked 
| 101|0x0000000089300000, 0x0000000089300000, 0x0000000089400000|  0%| F|  |TAMS 0x0000000089300000| PB 0x0000000089300000| Untracked 
| 102|0x0000000089400000, 0x0000000089400000, 0x0000000089500000|  0%| F|  |TAMS 0x0000000089400000| PB 0x0000000089400000| Untracked 
| 103|0x0000000089500000, 0x0000000089500000, 0x0000000089600000|  0%| F|  |TAMS 0x0000000089500000| PB 0x0000000089500000| Untracked 
| 104|0x0000000089600000, 0x0000000089600000, 0x0000000089700000|  0%| F|  |TAMS 0x0000000089600000| PB 0x0000000089600000| Untracked 
| 105|0x0000000089700000, 0x0000000089700000, 0x0000000089800000|  0%| F|  |TAMS 0x0000000089700000| PB 0x0000000089700000| Untracked 
| 106|0x0000000089800000, 0x0000000089800000, 0x0000000089900000|  0%| F|  |TAMS 0x0000000089800000| PB 0x0000000089800000| Untracked 
| 107|0x0000000089900000, 0x0000000089900000, 0x0000000089a00000|  0%| F|  |TAMS 0x0000000089900000| PB 0x0000000089900000| Untracked 
| 108|0x0000000089a00000, 0x0000000089a00000, 0x0000000089b00000|  0%| F|  |TAMS 0x0000000089a00000| PB 0x0000000089a00000| Untracked 
| 109|0x0000000089b00000, 0x0000000089b00000, 0x0000000089c00000|  0%| F|  |TAMS 0x0000000089b00000| PB 0x0000000089b00000| Untracked 
| 110|0x0000000089c00000, 0x0000000089c00000, 0x0000000089d00000|  0%| F|  |TAMS 0x0000000089c00000| PB 0x0000000089c00000| Untracked 
| 111|0x0000000089d00000, 0x0000000089d00000, 0x0000000089e00000|  0%| F|  |TAMS 0x0000000089d00000| PB 0x0000000089d00000| Untracked 
| 112|0x0000000089e00000, 0x0000000089e00000, 0x0000000089f00000|  0%| F|  |TAMS 0x0000000089e00000| PB 0x0000000089e00000| Untracked 
| 113|0x0000000089f00000, 0x0000000089f00000, 0x000000008a000000|  0%| F|  |TAMS 0x0000000089f00000| PB 0x0000000089f00000| Untracked 
| 114|0x000000008a000000, 0x000000008a000000, 0x000000008a100000|  0%| F|  |TAMS 0x000000008a000000| PB 0x000000008a000000| Untracked 
| 115|0x000000008a100000, 0x000000008a100000, 0x000000008a200000|  0%| F|  |TAMS 0x000000008a100000| PB 0x000000008a100000| Untracked 
| 116|0x000000008a200000, 0x000000008a200000, 0x000000008a300000|  0%| F|  |TAMS 0x000000008a200000| PB 0x000000008a200000| Untracked 
| 117|0x000000008a300000, 0x000000008a300000, 0x000000008a400000|  0%| F|  |TAMS 0x000000008a300000| PB 0x000000008a300000| Untracked 
| 118|0x000000008a400000, 0x000000008a400000, 0x000000008a500000|  0%| F|  |TAMS 0x000000008a400000| PB 0x000000008a400000| Untracked 
| 119|0x000000008a500000, 0x000000008a500000, 0x000000008a600000|  0%| F|  |TAMS 0x000000008a500000| PB 0x000000008a500000| Untracked 
| 120|0x000000008a600000, 0x000000008a600000, 0x000000008a700000|  0%| F|  |TAMS 0x000000008a600000| PB 0x000000008a600000| Untracked 
| 121|0x000000008a700000, 0x000000008a700000, 0x000000008a800000|  0%| F|  |TAMS 0x000000008a700000| PB 0x000000008a700000| Untracked 
| 122|0x000000008a800000, 0x000000008a800000, 0x000000008a900000|  0%| F|  |TAMS 0x000000008a800000| PB 0x000000008a800000| Untracked 
| 123|0x000000008a900000, 0x000000008a900000, 0x000000008aa00000|  0%| F|  |TAMS 0x000000008a900000| PB 0x000000008a900000| Untracked 
| 124|0x000000008aa00000, 0x000000008aa00000, 0x000000008ab00000|  0%| F|  |TAMS 0x000000008aa00000| PB 0x000000008aa00000| Untracked 
| 125|0x000000008ab00000, 0x000000008ab00000, 0x000000008ac00000|  0%| F|  |TAMS 0x000000008ab00000| PB 0x000000008ab00000| Untracked 
| 126|0x000000008ac00000, 0x000000008ac00000, 0x000000008ad00000|  0%| F|  |TAMS 0x000000008ac00000| PB 0x000000008ac00000| Untracked 
| 127|0x000000008ad00000, 0x000000008ad00000, 0x000000008ae00000|  0%| F|  |TAMS 0x000000008ad00000| PB 0x000000008ad00000| Untracked 
| 128|0x000000008ae00000, 0x000000008ae00000, 0x000000008af00000|  0%| F|  |TAMS 0x000000008ae00000| PB 0x000000008ae00000| Untracked 
| 129|0x000000008af00000, 0x000000008af00000, 0x000000008b000000|  0%| F|  |TAMS 0x000000008af00000| PB 0x000000008af00000| Untracked 
| 130|0x000000008b000000, 0x000000008b000000, 0x000000008b100000|  0%| F|  |TAMS 0x000000008b000000| PB 0x000000008b000000| Untracked 
| 131|0x000000008b100000, 0x000000008b100000, 0x000000008b200000|  0%| F|  |TAMS 0x000000008b100000| PB 0x000000008b100000| Untracked 
| 132|0x000000008b200000, 0x000000008b200000, 0x000000008b300000|  0%| F|  |TAMS 0x000000008b200000| PB 0x000000008b200000| Untracked 
| 133|0x000000008b300000, 0x000000008b300000, 0x000000008b400000|  0%| F|  |TAMS 0x000000008b300000| PB 0x000000008b300000| Untracked 
| 134|0x000000008b400000, 0x000000008b400000, 0x000000008b500000|  0%| F|  |TAMS 0x000000008b400000| PB 0x000000008b400000| Untracked 
| 135|0x000000008b500000, 0x000000008b500000, 0x000000008b600000|  0%| F|  |TAMS 0x000000008b500000| PB 0x000000008b500000| Untracked 
| 136|0x000000008b600000, 0x000000008b600000, 0x000000008b700000|  0%| F|  |TAMS 0x000000008b600000| PB 0x000000008b600000| Untracked 
| 137|0x000000008b700000, 0x000000008b700000, 0x000000008b800000|  0%| F|  |TAMS 0x000000008b700000| PB 0x000000008b700000| Untracked 
| 138|0x000000008b800000, 0x000000008b800000, 0x000000008b900000|  0%| F|  |TAMS 0x000000008b800000| PB 0x000000008b800000| Untracked 
| 139|0x000000008b900000, 0x000000008b900000, 0x000000008ba00000|  0%| F|  |TAMS 0x000000008b900000| PB 0x000000008b900000| Untracked 
| 140|0x000000008ba00000, 0x000000008ba00000, 0x000000008bb00000|  0%| F|  |TAMS 0x000000008ba00000| PB 0x000000008ba00000| Untracked 
| 141|0x000000008bb00000, 0x000000008bb00000, 0x000000008bc00000|  0%| F|  |TAMS 0x000000008bb00000| PB 0x000000008bb00000| Untracked 
| 142|0x000000008bc00000, 0x000000008bc00000, 0x000000008bd00000|  0%| F|  |TAMS 0x000000008bc00000| PB 0x000000008bc00000| Untracked 
| 143|0x000000008bd00000, 0x000000008bd00000, 0x000000008be00000|  0%| F|  |TAMS 0x000000008bd00000| PB 0x000000008bd00000| Untracked 
| 144|0x000000008be00000, 0x000000008be00000, 0x000000008bf00000|  0%| F|  |TAMS 0x000000008be00000| PB 0x000000008be00000| Untracked 
| 145|0x000000008bf00000, 0x000000008bf00000, 0x000000008c000000|  0%| F|  |TAMS 0x000000008bf00000| PB 0x000000008bf00000| Untracked 
| 146|0x000000008c000000, 0x000000008c000000, 0x000000008c100000|  0%| F|  |TAMS 0x000000008c000000| PB 0x000000008c000000| Untracked 
| 147|0x000000008c100000, 0x000000008c100000, 0x000000008c200000|  0%| F|  |TAMS 0x000000008c100000| PB 0x000000008c100000| Untracked 
| 148|0x000000008c200000, 0x000000008c200000, 0x000000008c300000|  0%| F|  |TAMS 0x000000008c200000| PB 0x000000008c200000| Untracked 
| 149|0x000000008c300000, 0x000000008c300000, 0x000000008c400000|  0%| F|  |TAMS 0x000000008c300000| PB 0x000000008c300000| Untracked 
| 150|0x000000008c400000, 0x000000008c400000, 0x000000008c500000|  0%| F|  |TAMS 0x000000008c400000| PB 0x000000008c400000| Untracked 
| 151|0x000000008c500000, 0x000000008c503870, 0x000000008c600000|  1%| S|CS|TAMS 0x000000008c500000| PB 0x000000008c500000| Complete 
| 152|0x000000008c600000, 0x000000008c600000, 0x000000008c700000|  0%| F|  |TAMS 0x000000008c600000| PB 0x000000008c600000| Untracked 
| 153|0x000000008c700000, 0x000000008c700000, 0x000000008c800000|  0%| F|  |TAMS 0x000000008c700000| PB 0x000000008c700000| Untracked 
| 154|0x000000008c800000, 0x000000008c800000, 0x000000008c900000|  0%| F|  |TAMS 0x000000008c800000| PB 0x000000008c800000| Untracked 
| 155|0x000000008c900000, 0x000000008c900000, 0x000000008ca00000|  0%| F|  |TAMS 0x000000008c900000| PB 0x000000008c900000| Untracked 
| 156|0x000000008ca00000, 0x000000008ca00000, 0x000000008cb00000|  0%| F|  |TAMS 0x000000008ca00000| PB 0x000000008ca00000| Untracked 
| 157|0x000000008cb00000, 0x000000008cb00000, 0x000000008cc00000|  0%| F|  |TAMS 0x000000008cb00000| PB 0x000000008cb00000| Untracked 
| 158|0x000000008cc00000, 0x000000008cc00000, 0x000000008cd00000|  0%| F|  |TAMS 0x000000008cc00000| PB 0x000000008cc00000| Untracked 
| 159|0x000000008cd00000, 0x000000008cd00000, 0x000000008ce00000|  0%| F|  |TAMS 0x000000008cd00000| PB 0x000000008cd00000| Untracked 
| 160|0x000000008ce00000, 0x000000008ce00000, 0x000000008cf00000|  0%| F|  |TAMS 0x000000008ce00000| PB 0x000000008ce00000| Untracked 
| 161|0x000000008cf00000, 0x000000008cf00000, 0x000000008d000000|  0%| F|  |TAMS 0x000000008cf00000| PB 0x000000008cf00000| Untracked 
| 162|0x000000008d000000, 0x000000008d000000, 0x000000008d100000|  0%| F|  |TAMS 0x000000008d000000| PB 0x000000008d000000| Untracked 
| 163|0x000000008d100000, 0x000000008d100000, 0x000000008d200000|  0%| F|  |TAMS 0x000000008d100000| PB 0x000000008d100000| Untracked 
| 164|0x000000008d200000, 0x000000008d200000, 0x000000008d300000|  0%| F|  |TAMS 0x000000008d200000| PB 0x000000008d200000| Untracked 
| 165|0x000000008d300000, 0x000000008d300000, 0x000000008d400000|  0%| F|  |TAMS 0x000000008d300000| PB 0x000000008d300000| Untracked 
| 166|0x000000008d400000, 0x000000008d400000, 0x000000008d500000|  0%| F|  |TAMS 0x000000008d400000| PB 0x000000008d400000| Untracked 
| 167|0x000000008d500000, 0x000000008d500000, 0x000000008d600000|  0%| F|  |TAMS 0x000000008d500000| PB 0x000000008d500000| Untracked 
| 168|0x000000008d600000, 0x000000008d600000, 0x000000008d700000|  0%| F|  |TAMS 0x000000008d600000| PB 0x000000008d600000| Untracked 
| 169|0x000000008d700000, 0x000000008d700000, 0x000000008d800000|  0%| F|  |TAMS 0x000000008d700000| PB 0x000000008d700000| Untracked 
| 170|0x000000008d800000, 0x000000008d800000, 0x000000008d900000|  0%| F|  |TAMS 0x000000008d800000| PB 0x000000008d800000| Untracked 
| 171|0x000000008d900000, 0x000000008d900000, 0x000000008da00000|  0%| F|  |TAMS 0x000000008d900000| PB 0x000000008d900000| Untracked 
| 172|0x000000008da00000, 0x000000008da00000, 0x000000008db00000|  0%| F|  |TAMS 0x000000008da00000| PB 0x000000008da00000| Untracked 
| 173|0x000000008db00000, 0x000000008db00000, 0x000000008dc00000|  0%| F|  |TAMS 0x000000008db00000| PB 0x000000008db00000| Untracked 
| 174|0x000000008dc00000, 0x000000008dc00000, 0x000000008dd00000|  0%| F|  |TAMS 0x000000008dc00000| PB 0x000000008dc00000| Untracked 
| 175|0x000000008dd00000, 0x000000008dd00000, 0x000000008de00000|  0%| F|  |TAMS 0x000000008dd00000| PB 0x000000008dd00000| Untracked 
| 176|0x000000008de00000, 0x000000008de00000, 0x000000008df00000|  0%| F|  |TAMS 0x000000008de00000| PB 0x000000008de00000| Untracked 
| 177|0x000000008df00000, 0x000000008df00000, 0x000000008e000000|  0%| F|  |TAMS 0x000000008df00000| PB 0x000000008df00000| Untracked 
| 178|0x000000008e000000, 0x000000008e000000, 0x000000008e100000|  0%| F|  |TAMS 0x000000008e000000| PB 0x000000008e000000| Untracked 
| 179|0x000000008e100000, 0x000000008e100000, 0x000000008e200000|  0%| F|  |TAMS 0x000000008e100000| PB 0x000000008e100000| Untracked 
| 180|0x000000008e200000, 0x000000008e200000, 0x000000008e300000|  0%| F|  |TAMS 0x000000008e200000| PB 0x000000008e200000| Untracked 
| 181|0x000000008e300000, 0x000000008e300000, 0x000000008e400000|  0%| F|  |TAMS 0x000000008e300000| PB 0x000000008e300000| Untracked 
| 182|0x000000008e400000, 0x000000008e400000, 0x000000008e500000|  0%| F|  |TAMS 0x000000008e400000| PB 0x000000008e400000| Untracked 
| 183|0x000000008e500000, 0x000000008e500000, 0x000000008e600000|  0%| F|  |TAMS 0x000000008e500000| PB 0x000000008e500000| Untracked 
| 184|0x000000008e600000, 0x000000008e600000, 0x000000008e700000|  0%| F|  |TAMS 0x000000008e600000| PB 0x000000008e600000| Untracked 
| 185|0x000000008e700000, 0x000000008e700000, 0x000000008e800000|  0%| F|  |TAMS 0x000000008e700000| PB 0x000000008e700000| Untracked 
| 186|0x000000008e800000, 0x000000008e800000, 0x000000008e900000|  0%| F|  |TAMS 0x000000008e800000| PB 0x000000008e800000| Untracked 
| 187|0x000000008e900000, 0x000000008e900000, 0x000000008ea00000|  0%| F|  |TAMS 0x000000008e900000| PB 0x000000008e900000| Untracked 
| 188|0x000000008ea00000, 0x000000008ea00000, 0x000000008eb00000|  0%| F|  |TAMS 0x000000008ea00000| PB 0x000000008ea00000| Untracked 
| 189|0x000000008eb00000, 0x000000008eb00000, 0x000000008ec00000|  0%| F|  |TAMS 0x000000008eb00000| PB 0x000000008eb00000| Untracked 
| 190|0x000000008ec00000, 0x000000008ec00000, 0x000000008ed00000|  0%| F|  |TAMS 0x000000008ec00000| PB 0x000000008ec00000| Untracked 
| 191|0x000000008ed00000, 0x000000008ed00000, 0x000000008ee00000|  0%| F|  |TAMS 0x000000008ed00000| PB 0x000000008ed00000| Untracked 
| 192|0x000000008ee00000, 0x000000008ee00000, 0x000000008ef00000|  0%| F|  |TAMS 0x000000008ee00000| PB 0x000000008ee00000| Untracked 
| 193|0x000000008ef00000, 0x000000008ef00000, 0x000000008f000000|  0%| F|  |TAMS 0x000000008ef00000| PB 0x000000008ef00000| Untracked 
| 194|0x000000008f000000, 0x000000008f000000, 0x000000008f100000|  0%| F|  |TAMS 0x000000008f000000| PB 0x000000008f000000| Untracked 
| 195|0x000000008f100000, 0x000000008f100000, 0x000000008f200000|  0%| F|  |TAMS 0x000000008f100000| PB 0x000000008f100000| Untracked 
| 196|0x000000008f200000, 0x000000008f200000, 0x000000008f300000|  0%| F|  |TAMS 0x000000008f200000| PB 0x000000008f200000| Untracked 
| 197|0x000000008f300000, 0x000000008f300000, 0x000000008f400000|  0%| F|  |TAMS 0x000000008f300000| PB 0x000000008f300000| Untracked 
| 198|0x000000008f400000, 0x000000008f400000, 0x000000008f500000|  0%| F|  |TAMS 0x000000008f400000| PB 0x000000008f400000| Untracked 
| 199|0x000000008f500000, 0x000000008f500000, 0x000000008f600000|  0%| F|  |TAMS 0x000000008f500000| PB 0x000000008f500000| Untracked 
| 200|0x000000008f600000, 0x000000008f600000, 0x000000008f700000|  0%| F|  |TAMS 0x000000008f600000| PB 0x000000008f600000| Untracked 
| 201|0x000000008f700000, 0x000000008f700000, 0x000000008f800000|  0%| F|  |TAMS 0x000000008f700000| PB 0x000000008f700000| Untracked 
| 202|0x000000008f800000, 0x000000008f800000, 0x000000008f900000|  0%| F|  |TAMS 0x000000008f800000| PB 0x000000008f800000| Untracked 
| 203|0x000000008f900000, 0x000000008f900000, 0x000000008fa00000|  0%| F|  |TAMS 0x000000008f900000| PB 0x000000008f900000| Untracked 
| 204|0x000000008fa00000, 0x000000008fa00000, 0x000000008fb00000|  0%| F|  |TAMS 0x000000008fa00000| PB 0x000000008fa00000| Untracked 
| 205|0x000000008fb00000, 0x000000008fb00000, 0x000000008fc00000|  0%| F|  |TAMS 0x000000008fb00000| PB 0x000000008fb00000| Untracked 
| 206|0x000000008fc00000, 0x000000008fc00000, 0x000000008fd00000|  0%| F|  |TAMS 0x000000008fc00000| PB 0x000000008fc00000| Untracked 
| 207|0x000000008fd00000, 0x000000008fd00000, 0x000000008fe00000|  0%| F|  |TAMS 0x000000008fd00000| PB 0x000000008fd00000| Untracked 
| 208|0x000000008fe00000, 0x000000008fe00000, 0x000000008ff00000|  0%| F|  |TAMS 0x000000008fe00000| PB 0x000000008fe00000| Untracked 
| 209|0x000000008ff00000, 0x000000008ff00000, 0x0000000090000000|  0%| F|  |TAMS 0x000000008ff00000| PB 0x000000008ff00000| Untracked 
| 210|0x0000000090000000, 0x0000000090000000, 0x0000000090100000|  0%| F|  |TAMS 0x0000000090000000| PB 0x0000000090000000| Untracked 
| 211|0x0000000090100000, 0x0000000090100000, 0x0000000090200000|  0%| F|  |TAMS 0x0000000090100000| PB 0x0000000090100000| Untracked 
| 212|0x0000000090200000, 0x0000000090200000, 0x0000000090300000|  0%| F|  |TAMS 0x0000000090200000| PB 0x0000000090200000| Untracked 
| 213|0x0000000090300000, 0x0000000090300000, 0x0000000090400000|  0%| F|  |TAMS 0x0000000090300000| PB 0x0000000090300000| Untracked 
| 214|0x0000000090400000, 0x0000000090400000, 0x0000000090500000|  0%| F|  |TAMS 0x0000000090400000| PB 0x0000000090400000| Untracked 
| 215|0x0000000090500000, 0x0000000090500000, 0x0000000090600000|  0%| F|  |TAMS 0x0000000090500000| PB 0x0000000090500000| Untracked 
| 216|0x0000000090600000, 0x0000000090600000, 0x0000000090700000|  0%| F|  |TAMS 0x0000000090600000| PB 0x0000000090600000| Untracked 
| 217|0x0000000090700000, 0x0000000090700000, 0x0000000090800000|  0%| F|  |TAMS 0x0000000090700000| PB 0x0000000090700000| Untracked 
| 218|0x0000000090800000, 0x0000000090800000, 0x0000000090900000|  0%| F|  |TAMS 0x0000000090800000| PB 0x0000000090800000| Untracked 
| 219|0x0000000090900000, 0x0000000090900000, 0x0000000090a00000|  0%| F|  |TAMS 0x0000000090900000| PB 0x0000000090900000| Untracked 
| 220|0x0000000090a00000, 0x0000000090a00000, 0x0000000090b00000|  0%| F|  |TAMS 0x0000000090a00000| PB 0x0000000090a00000| Untracked 
| 221|0x0000000090b00000, 0x0000000090b00000, 0x0000000090c00000|  0%| F|  |TAMS 0x0000000090b00000| PB 0x0000000090b00000| Untracked 
| 222|0x0000000090c00000, 0x0000000090c00000, 0x0000000090d00000|  0%| F|  |TAMS 0x0000000090c00000| PB 0x0000000090c00000| Untracked 
| 223|0x0000000090d00000, 0x0000000090d00000, 0x0000000090e00000|  0%| F|  |TAMS 0x0000000090d00000| PB 0x0000000090d00000| Untracked 
| 224|0x0000000090e00000, 0x0000000090e00000, 0x0000000090f00000|  0%| F|  |TAMS 0x0000000090e00000| PB 0x0000000090e00000| Untracked 
| 225|0x0000000090f00000, 0x0000000090f00000, 0x0000000091000000|  0%| F|  |TAMS 0x0000000090f00000| PB 0x0000000090f00000| Untracked 
| 226|0x0000000091000000, 0x0000000091000000, 0x0000000091100000|  0%| F|  |TAMS 0x0000000091000000| PB 0x0000000091000000| Untracked 
| 227|0x0000000091100000, 0x0000000091100000, 0x0000000091200000|  0%| F|  |TAMS 0x0000000091100000| PB 0x0000000091100000| Untracked 
| 228|0x0000000091200000, 0x0000000091200000, 0x0000000091300000|  0%| F|  |TAMS 0x0000000091200000| PB 0x0000000091200000| Untracked 
| 229|0x0000000091300000, 0x0000000091300000, 0x0000000091400000|  0%| F|  |TAMS 0x0000000091300000| PB 0x0000000091300000| Untracked 
| 230|0x0000000091400000, 0x0000000091400000, 0x0000000091500000|  0%| F|  |TAMS 0x0000000091400000| PB 0x0000000091400000| Untracked 
| 231|0x0000000091500000, 0x0000000091500000, 0x0000000091600000|  0%| F|  |TAMS 0x0000000091500000| PB 0x0000000091500000| Untracked 
| 232|0x0000000091600000, 0x0000000091600000, 0x0000000091700000|  0%| F|  |TAMS 0x0000000091600000| PB 0x0000000091600000| Untracked 
| 233|0x0000000091700000, 0x0000000091700000, 0x0000000091800000|  0%| F|  |TAMS 0x0000000091700000| PB 0x0000000091700000| Untracked 
| 234|0x0000000091800000, 0x0000000091800000, 0x0000000091900000|  0%| F|  |TAMS 0x0000000091800000| PB 0x0000000091800000| Untracked 
| 235|0x0000000091900000, 0x0000000091900000, 0x0000000091a00000|  0%| F|  |TAMS 0x0000000091900000| PB 0x0000000091900000| Untracked 
| 236|0x0000000091a00000, 0x0000000091a00000, 0x0000000091b00000|  0%| F|  |TAMS 0x0000000091a00000| PB 0x0000000091a00000| Untracked 
| 237|0x0000000091b00000, 0x0000000091b00000, 0x0000000091c00000|  0%| F|  |TAMS 0x0000000091b00000| PB 0x0000000091b00000| Untracked 
| 238|0x0000000091c00000, 0x0000000091c00000, 0x0000000091d00000|  0%| F|  |TAMS 0x0000000091c00000| PB 0x0000000091c00000| Untracked 
| 239|0x0000000091d00000, 0x0000000091d00000, 0x0000000091e00000|  0%| F|  |TAMS 0x0000000091d00000| PB 0x0000000091d00000| Untracked 
| 240|0x0000000091e00000, 0x0000000091e00000, 0x0000000091f00000|  0%| F|  |TAMS 0x0000000091e00000| PB 0x0000000091e00000| Untracked 
| 241|0x0000000091f00000, 0x0000000091f00000, 0x0000000092000000|  0%| F|  |TAMS 0x0000000091f00000| PB 0x0000000091f00000| Untracked 
| 242|0x0000000092000000, 0x0000000092000000, 0x0000000092100000|  0%| F|  |TAMS 0x0000000092000000| PB 0x0000000092000000| Untracked 
| 243|0x0000000092100000, 0x0000000092100000, 0x0000000092200000|  0%| F|  |TAMS 0x0000000092100000| PB 0x0000000092100000| Untracked 
| 244|0x0000000092200000, 0x0000000092200000, 0x0000000092300000|  0%| F|  |TAMS 0x0000000092200000| PB 0x0000000092200000| Untracked 
| 245|0x0000000092300000, 0x0000000092300000, 0x0000000092400000|  0%| F|  |TAMS 0x0000000092300000| PB 0x0000000092300000| Untracked 
| 246|0x0000000092400000, 0x0000000092400000, 0x0000000092500000|  0%| F|  |TAMS 0x0000000092400000| PB 0x0000000092400000| Untracked 
| 247|0x0000000092500000, 0x0000000092500000, 0x0000000092600000|  0%| F|  |TAMS 0x0000000092500000| PB 0x0000000092500000| Untracked 
| 248|0x0000000092600000, 0x0000000092600000, 0x0000000092700000|  0%| F|  |TAMS 0x0000000092600000| PB 0x0000000092600000| Untracked 
| 249|0x0000000092700000, 0x0000000092700000, 0x0000000092800000|  0%| F|  |TAMS 0x0000000092700000| PB 0x0000000092700000| Untracked 
| 250|0x0000000092800000, 0x0000000092800000, 0x0000000092900000|  0%| F|  |TAMS 0x0000000092800000| PB 0x0000000092800000| Untracked 
| 251|0x0000000092900000, 0x0000000092900000, 0x0000000092a00000|  0%| F|  |TAMS 0x0000000092900000| PB 0x0000000092900000| Untracked 
| 252|0x0000000092a00000, 0x0000000092a00000, 0x0000000092b00000|  0%| F|  |TAMS 0x0000000092a00000| PB 0x0000000092a00000| Untracked 
| 253|0x0000000092b00000, 0x0000000092b00000, 0x0000000092c00000|  0%| F|  |TAMS 0x0000000092b00000| PB 0x0000000092b00000| Untracked 
| 254|0x0000000092c00000, 0x0000000092c00000, 0x0000000092d00000|  0%| F|  |TAMS 0x0000000092c00000| PB 0x0000000092c00000| Untracked 
| 255|0x0000000092d00000, 0x0000000092d00000, 0x0000000092e00000|  0%| F|  |TAMS 0x0000000092d00000| PB 0x0000000092d00000| Untracked 
| 256|0x0000000092e00000, 0x0000000092e00000, 0x0000000092f00000|  0%| F|  |TAMS 0x0000000092e00000| PB 0x0000000092e00000| Untracked 
| 257|0x0000000092f00000, 0x0000000092f00000, 0x0000000093000000|  0%| F|  |TAMS 0x0000000092f00000| PB 0x0000000092f00000| Untracked 
| 258|0x0000000093000000, 0x0000000093000000, 0x0000000093100000|  0%| F|  |TAMS 0x0000000093000000| PB 0x0000000093000000| Untracked 
| 259|0x0000000093100000, 0x0000000093100000, 0x0000000093200000|  0%| F|  |TAMS 0x0000000093100000| PB 0x0000000093100000| Untracked 
| 260|0x0000000093200000, 0x0000000093200000, 0x0000000093300000|  0%| F|  |TAMS 0x0000000093200000| PB 0x0000000093200000| Untracked 
| 261|0x0000000093300000, 0x0000000093300000, 0x0000000093400000|  0%| F|  |TAMS 0x0000000093300000| PB 0x0000000093300000| Untracked 
| 262|0x0000000093400000, 0x0000000093400000, 0x0000000093500000|  0%| F|  |TAMS 0x0000000093400000| PB 0x0000000093400000| Untracked 
| 263|0x0000000093500000, 0x0000000093500000, 0x0000000093600000|  0%| F|  |TAMS 0x0000000093500000| PB 0x0000000093500000| Untracked 
| 264|0x0000000093600000, 0x0000000093600000, 0x0000000093700000|  0%| F|  |TAMS 0x0000000093600000| PB 0x0000000093600000| Untracked 
| 265|0x0000000093700000, 0x0000000093700000, 0x0000000093800000|  0%| F|  |TAMS 0x0000000093700000| PB 0x0000000093700000| Untracked 
| 266|0x0000000093800000, 0x0000000093800000, 0x0000000093900000|  0%| F|  |TAMS 0x0000000093800000| PB 0x0000000093800000| Untracked 
| 267|0x0000000093900000, 0x0000000093900000, 0x0000000093a00000|  0%| F|  |TAMS 0x0000000093900000| PB 0x0000000093900000| Untracked 
| 268|0x0000000093a00000, 0x0000000093a00000, 0x0000000093b00000|  0%| F|  |TAMS 0x0000000093a00000| PB 0x0000000093a00000| Untracked 
| 269|0x0000000093b00000, 0x0000000093b00000, 0x0000000093c00000|  0%| F|  |TAMS 0x0000000093b00000| PB 0x0000000093b00000| Untracked 
| 270|0x0000000093c00000, 0x0000000093c00000, 0x0000000093d00000|  0%| F|  |TAMS 0x0000000093c00000| PB 0x0000000093c00000| Untracked 
| 271|0x0000000093d00000, 0x0000000093d00000, 0x0000000093e00000|  0%| F|  |TAMS 0x0000000093d00000| PB 0x0000000093d00000| Untracked 
| 272|0x0000000093e00000, 0x0000000093e00000, 0x0000000093f00000|  0%| F|  |TAMS 0x0000000093e00000| PB 0x0000000093e00000| Untracked 
| 273|0x0000000093f00000, 0x0000000093f00000, 0x0000000094000000|  0%| F|  |TAMS 0x0000000093f00000| PB 0x0000000093f00000| Untracked 
| 274|0x0000000094000000, 0x0000000094000000, 0x0000000094100000|  0%| F|  |TAMS 0x0000000094000000| PB 0x0000000094000000| Untracked 
| 275|0x0000000094100000, 0x0000000094100000, 0x0000000094200000|  0%| F|  |TAMS 0x0000000094100000| PB 0x0000000094100000| Untracked 
| 276|0x0000000094200000, 0x0000000094200000, 0x0000000094300000|  0%| F|  |TAMS 0x0000000094200000| PB 0x0000000094200000| Untracked 
| 277|0x0000000094300000, 0x0000000094300000, 0x0000000094400000|  0%| F|  |TAMS 0x0000000094300000| PB 0x0000000094300000| Untracked 
| 278|0x0000000094400000, 0x0000000094400000, 0x0000000094500000|  0%| F|  |TAMS 0x0000000094400000| PB 0x0000000094400000| Untracked 
| 279|0x0000000094500000, 0x0000000094500000, 0x0000000094600000|  0%| F|  |TAMS 0x0000000094500000| PB 0x0000000094500000| Untracked 
| 280|0x0000000094600000, 0x0000000094600000, 0x0000000094700000|  0%| F|  |TAMS 0x0000000094600000| PB 0x0000000094600000| Untracked 
| 281|0x0000000094700000, 0x0000000094700000, 0x0000000094800000|  0%| F|  |TAMS 0x0000000094700000| PB 0x0000000094700000| Untracked 
| 282|0x0000000094800000, 0x0000000094800000, 0x0000000094900000|  0%| F|  |TAMS 0x0000000094800000| PB 0x0000000094800000| Untracked 
| 283|0x0000000094900000, 0x0000000094900000, 0x0000000094a00000|  0%| F|  |TAMS 0x0000000094900000| PB 0x0000000094900000| Untracked 
| 284|0x0000000094a00000, 0x0000000094a00000, 0x0000000094b00000|  0%| F|  |TAMS 0x0000000094a00000| PB 0x0000000094a00000| Untracked 
| 285|0x0000000094b00000, 0x0000000094b00000, 0x0000000094c00000|  0%| F|  |TAMS 0x0000000094b00000| PB 0x0000000094b00000| Untracked 
| 286|0x0000000094c00000, 0x0000000094c00000, 0x0000000094d00000|  0%| F|  |TAMS 0x0000000094c00000| PB 0x0000000094c00000| Untracked 
| 287|0x0000000094d00000, 0x0000000094d00000, 0x0000000094e00000|  0%| F|  |TAMS 0x0000000094d00000| PB 0x0000000094d00000| Untracked 
| 288|0x0000000094e00000, 0x0000000094e00000, 0x0000000094f00000|  0%| F|  |TAMS 0x0000000094e00000| PB 0x0000000094e00000| Untracked 
| 289|0x0000000094f00000, 0x0000000094f00000, 0x0000000095000000|  0%| F|  |TAMS 0x0000000094f00000| PB 0x0000000094f00000| Untracked 
| 290|0x0000000095000000, 0x0000000095000000, 0x0000000095100000|  0%| F|  |TAMS 0x0000000095000000| PB 0x0000000095000000| Untracked 
| 291|0x0000000095100000, 0x0000000095100000, 0x0000000095200000|  0%| F|  |TAMS 0x0000000095100000| PB 0x0000000095100000| Untracked 
| 292|0x0000000095200000, 0x0000000095200000, 0x0000000095300000|  0%| F|  |TAMS 0x0000000095200000| PB 0x0000000095200000| Untracked 
| 293|0x0000000095300000, 0x0000000095300000, 0x0000000095400000|  0%| F|  |TAMS 0x0000000095300000| PB 0x0000000095300000| Untracked 
| 294|0x0000000095400000, 0x0000000095400000, 0x0000000095500000|  0%| F|  |TAMS 0x0000000095400000| PB 0x0000000095400000| Untracked 
| 295|0x0000000095500000, 0x0000000095500000, 0x0000000095600000|  0%| F|  |TAMS 0x0000000095500000| PB 0x0000000095500000| Untracked 
| 296|0x0000000095600000, 0x0000000095600000, 0x0000000095700000|  0%| F|  |TAMS 0x0000000095600000| PB 0x0000000095600000| Untracked 
| 297|0x0000000095700000, 0x0000000095700000, 0x0000000095800000|  0%| F|  |TAMS 0x0000000095700000| PB 0x0000000095700000| Untracked 
| 298|0x0000000095800000, 0x0000000095800000, 0x0000000095900000|  0%| F|  |TAMS 0x0000000095800000| PB 0x0000000095800000| Untracked 
| 299|0x0000000095900000, 0x0000000095900000, 0x0000000095a00000|  0%| F|  |TAMS 0x0000000095900000| PB 0x0000000095900000| Untracked 
| 300|0x0000000095a00000, 0x0000000095a00000, 0x0000000095b00000|  0%| F|  |TAMS 0x0000000095a00000| PB 0x0000000095a00000| Untracked 
| 301|0x0000000095b00000, 0x0000000095b00000, 0x0000000095c00000|  0%| F|  |TAMS 0x0000000095b00000| PB 0x0000000095b00000| Untracked 
| 302|0x0000000095c00000, 0x0000000095c00000, 0x0000000095d00000|  0%| F|  |TAMS 0x0000000095c00000| PB 0x0000000095c00000| Untracked 
| 303|0x0000000095d00000, 0x0000000095d00000, 0x0000000095e00000|  0%| F|  |TAMS 0x0000000095d00000| PB 0x0000000095d00000| Untracked 
| 304|0x0000000095e00000, 0x0000000095e00000, 0x0000000095f00000|  0%| F|  |TAMS 0x0000000095e00000| PB 0x0000000095e00000| Untracked 
| 305|0x0000000095f00000, 0x0000000095f00000, 0x0000000096000000|  0%| F|  |TAMS 0x0000000095f00000| PB 0x0000000095f00000| Untracked 
| 306|0x0000000096000000, 0x0000000096000000, 0x0000000096100000|  0%| F|  |TAMS 0x0000000096000000| PB 0x0000000096000000| Untracked 
| 307|0x0000000096100000, 0x0000000096100000, 0x0000000096200000|  0%| F|  |TAMS 0x0000000096100000| PB 0x0000000096100000| Untracked 
| 308|0x0000000096200000, 0x0000000096200000, 0x0000000096300000|  0%| F|  |TAMS 0x0000000096200000| PB 0x0000000096200000| Untracked 
| 309|0x0000000096300000, 0x0000000096300000, 0x0000000096400000|  0%| F|  |TAMS 0x0000000096300000| PB 0x0000000096300000| Untracked 
| 310|0x0000000096400000, 0x0000000096400000, 0x0000000096500000|  0%| F|  |TAMS 0x0000000096400000| PB 0x0000000096400000| Untracked 
| 311|0x0000000096500000, 0x0000000096500000, 0x0000000096600000|  0%| F|  |TAMS 0x0000000096500000| PB 0x0000000096500000| Untracked 
| 312|0x0000000096600000, 0x0000000096600000, 0x0000000096700000|  0%| F|  |TAMS 0x0000000096600000| PB 0x0000000096600000| Untracked 
| 313|0x0000000096700000, 0x0000000096700000, 0x0000000096800000|  0%| F|  |TAMS 0x0000000096700000| PB 0x0000000096700000| Untracked 
| 314|0x0000000096800000, 0x0000000096800000, 0x0000000096900000|  0%| F|  |TAMS 0x0000000096800000| PB 0x0000000096800000| Untracked 
| 315|0x0000000096900000, 0x0000000096900000, 0x0000000096a00000|  0%| F|  |TAMS 0x0000000096900000| PB 0x0000000096900000| Untracked 
| 316|0x0000000096a00000, 0x0000000096a00000, 0x0000000096b00000|  0%| F|  |TAMS 0x0000000096a00000| PB 0x0000000096a00000| Untracked 
| 317|0x0000000096b00000, 0x0000000096b00000, 0x0000000096c00000|  0%| F|  |TAMS 0x0000000096b00000| PB 0x0000000096b00000| Untracked 
| 318|0x0000000096c00000, 0x0000000096c00000, 0x0000000096d00000|  0%| F|  |TAMS 0x0000000096c00000| PB 0x0000000096c00000| Untracked 
| 319|0x0000000096d00000, 0x0000000096d00000, 0x0000000096e00000|  0%| F|  |TAMS 0x0000000096d00000| PB 0x0000000096d00000| Untracked 
| 320|0x0000000096e00000, 0x0000000096e00000, 0x0000000096f00000|  0%| F|  |TAMS 0x0000000096e00000| PB 0x0000000096e00000| Untracked 
| 321|0x0000000096f00000, 0x0000000096f00000, 0x0000000097000000|  0%| F|  |TAMS 0x0000000096f00000| PB 0x0000000096f00000| Untracked 
| 322|0x0000000097000000, 0x0000000097000000, 0x0000000097100000|  0%| F|  |TAMS 0x0000000097000000| PB 0x0000000097000000| Untracked 
| 323|0x0000000097100000, 0x0000000097100000, 0x0000000097200000|  0%| F|  |TAMS 0x0000000097100000| PB 0x0000000097100000| Untracked 
| 324|0x0000000097200000, 0x0000000097200000, 0x0000000097300000|  0%| F|  |TAMS 0x0000000097200000| PB 0x0000000097200000| Untracked 
| 325|0x0000000097300000, 0x0000000097300000, 0x0000000097400000|  0%| F|  |TAMS 0x0000000097300000| PB 0x0000000097300000| Untracked 
| 326|0x0000000097400000, 0x0000000097400000, 0x0000000097500000|  0%| F|  |TAMS 0x0000000097400000| PB 0x0000000097400000| Untracked 
| 327|0x0000000097500000, 0x0000000097500000, 0x0000000097600000|  0%| F|  |TAMS 0x0000000097500000| PB 0x0000000097500000| Untracked 
| 328|0x0000000097600000, 0x0000000097600000, 0x0000000097700000|  0%| F|  |TAMS 0x0000000097600000| PB 0x0000000097600000| Untracked 
| 329|0x0000000097700000, 0x0000000097700000, 0x0000000097800000|  0%| F|  |TAMS 0x0000000097700000| PB 0x0000000097700000| Untracked 
| 330|0x0000000097800000, 0x0000000097800000, 0x0000000097900000|  0%| F|  |TAMS 0x0000000097800000| PB 0x0000000097800000| Untracked 
| 331|0x0000000097900000, 0x0000000097900000, 0x0000000097a00000|  0%| F|  |TAMS 0x0000000097900000| PB 0x0000000097900000| Untracked 
| 332|0x0000000097a00000, 0x0000000097a00000, 0x0000000097b00000|  0%| F|  |TAMS 0x0000000097a00000| PB 0x0000000097a00000| Untracked 
| 333|0x0000000097b00000, 0x0000000097b00000, 0x0000000097c00000|  0%| F|  |TAMS 0x0000000097b00000| PB 0x0000000097b00000| Untracked 
| 334|0x0000000097c00000, 0x0000000097c00000, 0x0000000097d00000|  0%| F|  |TAMS 0x0000000097c00000| PB 0x0000000097c00000| Untracked 
| 335|0x0000000097d00000, 0x0000000097d00000, 0x0000000097e00000|  0%| F|  |TAMS 0x0000000097d00000| PB 0x0000000097d00000| Untracked 
| 336|0x0000000097e00000, 0x0000000097e00000, 0x0000000097f00000|  0%| F|  |TAMS 0x0000000097e00000| PB 0x0000000097e00000| Untracked 
| 337|0x0000000097f00000, 0x0000000097f00000, 0x0000000098000000|  0%| F|  |TAMS 0x0000000097f00000| PB 0x0000000097f00000| Untracked 
| 338|0x0000000098000000, 0x0000000098000000, 0x0000000098100000|  0%| F|  |TAMS 0x0000000098000000| PB 0x0000000098000000| Untracked 
| 339|0x0000000098100000, 0x0000000098100000, 0x0000000098200000|  0%| F|  |TAMS 0x0000000098100000| PB 0x0000000098100000| Untracked 
| 340|0x0000000098200000, 0x0000000098200000, 0x0000000098300000|  0%| F|  |TAMS 0x0000000098200000| PB 0x0000000098200000| Untracked 
| 341|0x0000000098300000, 0x0000000098300000, 0x0000000098400000|  0%| F|  |TAMS 0x0000000098300000| PB 0x0000000098300000| Untracked 
| 342|0x0000000098400000, 0x0000000098400000, 0x0000000098500000|  0%| F|  |TAMS 0x0000000098400000| PB 0x0000000098400000| Untracked 
| 343|0x0000000098500000, 0x0000000098500000, 0x0000000098600000|  0%| F|  |TAMS 0x0000000098500000| PB 0x0000000098500000| Untracked 
| 344|0x0000000098600000, 0x0000000098600000, 0x0000000098700000|  0%| F|  |TAMS 0x0000000098600000| PB 0x0000000098600000| Untracked 
| 345|0x0000000098700000, 0x0000000098700000, 0x0000000098800000|  0%| F|  |TAMS 0x0000000098700000| PB 0x0000000098700000| Untracked 
| 346|0x0000000098800000, 0x0000000098800000, 0x0000000098900000|  0%| F|  |TAMS 0x0000000098800000| PB 0x0000000098800000| Untracked 
| 347|0x0000000098900000, 0x0000000098900000, 0x0000000098a00000|  0%| F|  |TAMS 0x0000000098900000| PB 0x0000000098900000| Untracked 
| 348|0x0000000098a00000, 0x0000000098a00000, 0x0000000098b00000|  0%| F|  |TAMS 0x0000000098a00000| PB 0x0000000098a00000| Untracked 
| 349|0x0000000098b00000, 0x0000000098b00000, 0x0000000098c00000|  0%| F|  |TAMS 0x0000000098b00000| PB 0x0000000098b00000| Untracked 
| 350|0x0000000098c00000, 0x0000000098c00000, 0x0000000098d00000|  0%| F|  |TAMS 0x0000000098c00000| PB 0x0000000098c00000| Untracked 
| 351|0x0000000098d00000, 0x0000000098d00000, 0x0000000098e00000|  0%| F|  |TAMS 0x0000000098d00000| PB 0x0000000098d00000| Untracked 
| 352|0x0000000098e00000, 0x0000000098e00000, 0x0000000098f00000|  0%| F|  |TAMS 0x0000000098e00000| PB 0x0000000098e00000| Untracked 
| 353|0x0000000098f00000, 0x0000000098f00000, 0x0000000099000000|  0%| F|  |TAMS 0x0000000098f00000| PB 0x0000000098f00000| Untracked 
| 354|0x0000000099000000, 0x0000000099000000, 0x0000000099100000|  0%| F|  |TAMS 0x0000000099000000| PB 0x0000000099000000| Untracked 
| 355|0x0000000099100000, 0x0000000099100000, 0x0000000099200000|  0%| F|  |TAMS 0x0000000099100000| PB 0x0000000099100000| Untracked 
| 356|0x0000000099200000, 0x0000000099200000, 0x0000000099300000|  0%| F|  |TAMS 0x0000000099200000| PB 0x0000000099200000| Untracked 
| 357|0x0000000099300000, 0x0000000099300000, 0x0000000099400000|  0%| F|  |TAMS 0x0000000099300000| PB 0x0000000099300000| Untracked 
| 358|0x0000000099400000, 0x0000000099400000, 0x0000000099500000|  0%| F|  |TAMS 0x0000000099400000| PB 0x0000000099400000| Untracked 
| 359|0x0000000099500000, 0x0000000099500000, 0x0000000099600000|  0%| F|  |TAMS 0x0000000099500000| PB 0x0000000099500000| Untracked 
| 360|0x0000000099600000, 0x0000000099600000, 0x0000000099700000|  0%| F|  |TAMS 0x0000000099600000| PB 0x0000000099600000| Untracked 
| 361|0x0000000099700000, 0x0000000099700000, 0x0000000099800000|  0%| F|  |TAMS 0x0000000099700000| PB 0x0000000099700000| Untracked 
| 362|0x0000000099800000, 0x0000000099800000, 0x0000000099900000|  0%| F|  |TAMS 0x0000000099800000| PB 0x0000000099800000| Untracked 
| 363|0x0000000099900000, 0x0000000099900000, 0x0000000099a00000|  0%| F|  |TAMS 0x0000000099900000| PB 0x0000000099900000| Untracked 
| 364|0x0000000099a00000, 0x0000000099a00000, 0x0000000099b00000|  0%| F|  |TAMS 0x0000000099a00000| PB 0x0000000099a00000| Untracked 
| 365|0x0000000099b00000, 0x0000000099b00000, 0x0000000099c00000|  0%| F|  |TAMS 0x0000000099b00000| PB 0x0000000099b00000| Untracked 
| 366|0x0000000099c00000, 0x0000000099c00000, 0x0000000099d00000|  0%| F|  |TAMS 0x0000000099c00000| PB 0x0000000099c00000| Untracked 
| 367|0x0000000099d00000, 0x0000000099d00000, 0x0000000099e00000|  0%| F|  |TAMS 0x0000000099d00000| PB 0x0000000099d00000| Untracked 
| 368|0x0000000099e00000, 0x0000000099e00000, 0x0000000099f00000|  0%| F|  |TAMS 0x0000000099e00000| PB 0x0000000099e00000| Untracked 
| 369|0x0000000099f00000, 0x0000000099f00000, 0x000000009a000000|  0%| F|  |TAMS 0x0000000099f00000| PB 0x0000000099f00000| Untracked 
| 370|0x000000009a000000, 0x000000009a000000, 0x000000009a100000|  0%| F|  |TAMS 0x000000009a000000| PB 0x000000009a000000| Untracked 
| 371|0x000000009a100000, 0x000000009a100000, 0x000000009a200000|  0%| F|  |TAMS 0x000000009a100000| PB 0x000000009a100000| Untracked 
| 372|0x000000009a200000, 0x000000009a200000, 0x000000009a300000|  0%| F|  |TAMS 0x000000009a200000| PB 0x000000009a200000| Untracked 
| 373|0x000000009a300000, 0x000000009a300000, 0x000000009a400000|  0%| F|  |TAMS 0x000000009a300000| PB 0x000000009a300000| Untracked 
| 374|0x000000009a400000, 0x000000009a400000, 0x000000009a500000|  0%| F|  |TAMS 0x000000009a400000| PB 0x000000009a400000| Untracked 
| 375|0x000000009a500000, 0x000000009a500000, 0x000000009a600000|  0%| F|  |TAMS 0x000000009a500000| PB 0x000000009a500000| Untracked 
| 376|0x000000009a600000, 0x000000009a600000, 0x000000009a700000|  0%| F|  |TAMS 0x000000009a600000| PB 0x000000009a600000| Untracked 
| 377|0x000000009a700000, 0x000000009a700000, 0x000000009a800000|  0%| F|  |TAMS 0x000000009a700000| PB 0x000000009a700000| Untracked 
| 378|0x000000009a800000, 0x000000009a800000, 0x000000009a900000|  0%| F|  |TAMS 0x000000009a800000| PB 0x000000009a800000| Untracked 
| 379|0x000000009a900000, 0x000000009a900000, 0x000000009aa00000|  0%| F|  |TAMS 0x000000009a900000| PB 0x000000009a900000| Untracked 

Card table byte_map: [0x000001dd2eaf0000,0x000001dd2eee0000] _byte_map_base: 0x000001dd2e6d9000

Marking Bits: (CMBitMap*) 0x000001dd167bcf60
 Bits: [0x000001dd2eee0000, 0x000001dd30e28000)

Polling page: 0x000001dd14f30000

Metaspace:

Usage:
  Non-class:     27.17 MB used.
      Class:      3.26 MB used.
       Both:     30.43 MB used.

Virtual space:
  Non-class space:       64.00 MB reserved,      27.38 MB ( 43%) committed,  1 nodes.
      Class space:        1.00 GB reserved,       3.44 MB ( <1%) committed,  1 nodes.
             Both:        1.06 GB reserved,      30.81 MB (  3%) committed. 

Chunk freelists:
   Non-Class:  3.98 MB
       Class:  12.58 MB
        Both:  16.57 MB

MaxMetaspaceSize: unlimited
CompressedClassSpaceSize: 1.00 GB
Initial GC threshold: 21.00 MB
Current GC threshold: 35.31 MB
CDS: on
 - commit_granule_bytes: 65536.
 - commit_granule_words: 8192.
 - virtual_space_node_default_size: 8388608.
 - enlarge_chunks_in_place: 1.
 - use_allocation_guard: 0.


Internal statistics:

num_allocs_failed_limit: 3.
num_arena_births: 332.
num_arena_deaths: 0.
num_vsnodes_births: 2.
num_vsnodes_deaths: 0.
num_space_committed: 493.
num_space_uncommitted: 0.
num_chunks_returned_to_freelist: 3.
num_chunks_taken_from_freelist: 826.
num_chunk_merges: 0.
num_chunk_splits: 514.
num_chunks_enlarged: 341.
num_inconsistent_stats: 0.

CodeHeap 'non-profiled nmethods': size=120000Kb used=5405Kb max_used=5405Kb free=114594Kb
 bounds [0x000001dd26770000, 0x000001dd26cc0000, 0x000001dd2dca0000]
CodeHeap 'profiled nmethods': size=120000Kb used=14457Kb max_used=14457Kb free=105542Kb
 bounds [0x000001dd1eca0000, 0x000001dd1fac0000, 0x000001dd261d0000]
CodeHeap 'non-nmethods': size=5760Kb used=1933Kb max_used=1997Kb free=3826Kb
 bounds [0x000001dd261d0000, 0x000001dd26440000, 0x000001dd26770000]
 total_blobs=7874 nmethods=6954 adapters=823
 compilation: enabled
              stopped_count=0, restarted_count=0
 full_count=0

Compilation events (20 events):
Event: 35995.372 Thread 0x000001dd3389fae0 6945       4       java.lang.StringLatin1::compareTo (14 bytes)
Event: 35995.387 Thread 0x000001dd3389fae0 nmethod 6945 0x000001dd26cb1990 code [0x000001dd26cb1b20, 0x000001dd26cb1dd8]
Event: 65888.255 Thread 0x000001dd3389fae0 6947   !   4       java.util.zip.ZipCoder$UTF8ZipCoder::compare (81 bytes)
Event: 65888.409 Thread 0x000001dd3389fae0 nmethod 6947 0x000001dd26cb2010 code [0x000001dd26cb21c0, 0x000001dd26cb2878]
Event: 65888.410 Thread 0x000001dd3389fae0 6948       4       java.lang.String::getBytesNoRepl1 (89 bytes)
Event: 65888.414 Thread 0x000001dd3389fae0 nmethod 6948 0x000001dd26cb2e10 code [0x000001dd26cb2fa0, 0x000001dd26cb31a8]
Event: 66098.675 Thread 0x000001dd3389fae0 6949   !   4       java.lang.ref.ReferenceQueue::remove (61 bytes)
Event: 66098.957 Thread 0x000001dd3389fae0 nmethod 6949 0x000001dd26cb3310 code [0x000001dd26cb3680, 0x000001dd26cb58d8]
Event: 69320.126 Thread 0x000001dd3389fae0 6950       4       java.util.HashMap::keysToArray (81 bytes)
Event: 69320.322 Thread 0x000001dd3389fae0 nmethod 6950 0x000001dd26cb6a10 code [0x000001dd26cb6ba0, 0x000001dd26cb6ed0]
Event: 69696.072 Thread 0x000001dd338a02b0 6951       3       javax.swing.Timer::post (36 bytes)
Event: 69696.102 Thread 0x000001dd3389fae0 6952       4       javax.swing.Timer$1::<init> (10 bytes)
Event: 69696.107 Thread 0x000001dd3389fae0 nmethod 6952 0x000001dd26cb7090 code [0x000001dd26cb7200, 0x000001dd26cb7370]
Event: 69696.107 Thread 0x000001dd3389fae0 6954       4       javax.swing.Timer$1::run (5 bytes)
Event: 69696.127 Thread 0x000001dd338a02b0 nmethod 6951 0x000001dd1fabc390 code [0x000001dd1fabc680, 0x000001dd1fabd600]
Event: 69696.127 Thread 0x000001dd338a02b0 6953       2       javax.swing.Timer::getAccessControlContext (22 bytes)
Event: 69696.127 Thread 0x000001dd3389fae0 nmethod 6954 0x000001dd26cb7410 code [0x000001dd26cb75a0, 0x000001dd26cb7670]
Event: 69696.127 Thread 0x000001dd338a02b0 nmethod 6953 0x000001dd1fabdc10 code [0x000001dd1fabddc0, 0x000001dd1fabdfa0]
Event: 69696.127 Thread 0x000001dd338a02b0 6955       2       javax.swing.Timer$1::run (12 bytes)
Event: 69696.128 Thread 0x000001dd338a02b0 nmethod 6955 0x000001dd1fabe090 code [0x000001dd1fabe240, 0x000001dd1fabe378]

GC Heap History (20 events):
Event: 79044.907 GC heap after
{Heap after GC invocations=127132 (full 0):
 garbage-first heap   total 389120K, used 93360K [0x0000000082e00000, 0x0000000100000000)
  region size 1024K, 1 young (1024K), 1 survivors (1024K)
 Metaspace       used 31159K, committed 31552K, reserved 1114112K
  class space    used 3342K, committed 3520K, reserved 1048576K
}
Event: 79045.286 GC heap before
{Heap before GC invocations=127132 (full 0):
 garbage-first heap   total 389120K, used 325808K [0x0000000082e00000, 0x0000000100000000)
  region size 1024K, 228 young (233472K), 1 survivors (1024K)
 Metaspace       used 31159K, committed 31552K, reserved 1114112K
  class space    used 3342K, committed 3520K, reserved 1048576K
}
Event: 79045.289 GC heap after
{Heap after GC invocations=127133 (full 0):
 garbage-first heap   total 389120K, used 93358K [0x0000000082e00000, 0x0000000100000000)
  region size 1024K, 1 young (1024K), 1 survivors (1024K)
 Metaspace       used 31159K, committed 31552K, reserved 1114112K
  class space    used 3342K, committed 3520K, reserved 1048576K
}
Event: 79046.244 GC heap before
{Heap before GC invocations=127133 (full 0):
 garbage-first heap   total 389120K, used 325806K [0x0000000082e00000, 0x0000000100000000)
  region size 1024K, 228 young (233472K), 1 survivors (1024K)
 Metaspace       used 31159K, committed 31552K, reserved 1114112K
  class space    used 3342K, committed 3520K, reserved 1048576K
}
Event: 79046.245 GC heap after
{Heap after GC invocations=127134 (full 0):
 garbage-first heap   total 389120K, used 93356K [0x0000000082e00000, 0x0000000100000000)
  region size 1024K, 1 young (1024K), 1 survivors (1024K)
 Metaspace       used 31159K, committed 31552K, reserved 1114112K
  class space    used 3342K, committed 3520K, reserved 1048576K
}
Event: 79046.696 GC heap before
{Heap before GC invocations=127134 (full 0):
 garbage-first heap   total 389120K, used 325804K [0x0000000082e00000, 0x0000000100000000)
  region size 1024K, 228 young (233472K), 1 survivors (1024K)
 Metaspace       used 31159K, committed 31552K, reserved 1114112K
  class space    used 3342K, committed 3520K, reserved 1048576K
}
Event: 79046.698 GC heap after
{Heap after GC invocations=127135 (full 0):
 garbage-first heap   total 389120K, used 93360K [0x0000000082e00000, 0x0000000100000000)
  region size 1024K, 1 young (1024K), 1 survivors (1024K)
 Metaspace       used 31159K, committed 31552K, reserved 1114112K
  class space    used 3342K, committed 3520K, reserved 1048576K
}
Event: 79047.141 GC heap before
{Heap before GC invocations=127135 (full 0):
 garbage-first heap   total 389120K, used 325808K [0x0000000082e00000, 0x0000000100000000)
  region size 1024K, 228 young (233472K), 1 survivors (1024K)
 Metaspace       used 31159K, committed 31552K, reserved 1114112K
  class space    used 3342K, committed 3520K, reserved 1048576K
}
Event: 79047.143 GC heap after
{Heap after GC invocations=127136 (full 0):
 garbage-first heap   total 389120K, used 93360K [0x0000000082e00000, 0x0000000100000000)
  region size 1024K, 1 young (1024K), 1 survivors (1024K)
 Metaspace       used 31159K, committed 31552K, reserved 1114112K
  class space    used 3342K, committed 3520K, reserved 1048576K
}
Event: 79047.579 GC heap before
{Heap before GC invocations=127136 (full 0):
 garbage-first heap   total 389120K, used 325808K [0x0000000082e00000, 0x0000000100000000)
  region size 1024K, 228 young (233472K), 1 survivors (1024K)
 Metaspace       used 31159K, committed 31552K, reserved 1114112K
  class space    used 3342K, committed 3520K, reserved 1048576K
}
Event: 79047.580 GC heap after
{Heap after GC invocations=127137 (full 0):
 garbage-first heap   total 389120K, used 93358K [0x0000000082e00000, 0x0000000100000000)
  region size 1024K, 1 young (1024K), 1 survivors (1024K)
 Metaspace       used 31159K, committed 31552K, reserved 1114112K
  class space    used 3342K, committed 3520K, reserved 1048576K
}
Event: 79047.960 GC heap before
{Heap before GC invocations=127137 (full 0):
 garbage-first heap   total 389120K, used 325806K [0x0000000082e00000, 0x0000000100000000)
  region size 1024K, 228 young (233472K), 1 survivors (1024K)
 Metaspace       used 31159K, committed 31552K, reserved 1114112K
  class space    used 3342K, committed 3520K, reserved 1048576K
}
Event: 79047.961 GC heap after
{Heap after GC invocations=127138 (full 0):
 garbage-first heap   total 389120K, used 93360K [0x0000000082e00000, 0x0000000100000000)
  region size 1024K, 1 young (1024K), 1 survivors (1024K)
 Metaspace       used 31159K, committed 31552K, reserved 1114112K
  class space    used 3342K, committed 3520K, reserved 1048576K
}
Event: 79048.382 GC heap before
{Heap before GC invocations=127138 (full 0):
 garbage-first heap   total 389120K, used 325808K [0x0000000082e00000, 0x0000000100000000)
  region size 1024K, 228 young (233472K), 1 survivors (1024K)
 Metaspace       used 31159K, committed 31552K, reserved 1114112K
  class space    used 3342K, committed 3520K, reserved 1048576K
}
Event: 79048.384 GC heap after
{Heap after GC invocations=127139 (full 0):
 garbage-first heap   total 389120K, used 93358K [0x0000000082e00000, 0x0000000100000000)
  region size 1024K, 1 young (1024K), 1 survivors (1024K)
 Metaspace       used 31159K, committed 31552K, reserved 1114112K
  class space    used 3342K, committed 3520K, reserved 1048576K
}
Event: 79048.766 GC heap before
{Heap before GC invocations=127139 (full 0):
 garbage-first heap   total 389120K, used 325806K [0x0000000082e00000, 0x0000000100000000)
  region size 1024K, 228 young (233472K), 1 survivors (1024K)
 Metaspace       used 31159K, committed 31552K, reserved 1114112K
  class space    used 3342K, committed 3520K, reserved 1048576K
}
Event: 79048.767 GC heap after
{Heap after GC invocations=127140 (full 0):
 garbage-first heap   total 389120K, used 93360K [0x0000000082e00000, 0x0000000100000000)
  region size 1024K, 1 young (1024K), 1 survivors (1024K)
 Metaspace       used 31159K, committed 31552K, reserved 1114112K
  class space    used 3342K, committed 3520K, reserved 1048576K
}
Event: 79048.998 GC heap before
{Heap before GC invocations=127140 (full 0):
 garbage-first heap   total 389120K, used 325808K [0x0000000082e00000, 0x0000000100000000)
  region size 1024K, 228 young (233472K), 1 survivors (1024K)
 Metaspace       used 31159K, committed 31552K, reserved 1114112K
  class space    used 3342K, committed 3520K, reserved 1048576K
}
Event: 79048.999 GC heap after
{Heap after GC invocations=127141 (full 0):
 garbage-first heap   total 389120K, used 93358K [0x0000000082e00000, 0x0000000100000000)
  region size 1024K, 1 young (1024K), 1 survivors (1024K)
 Metaspace       used 31159K, committed 31552K, reserved 1114112K
  class space    used 3342K, committed 3520K, reserved 1048576K
}
Event: 79049.222 GC heap before
{Heap before GC invocations=127141 (full 0):
 garbage-first heap   total 389120K, used 325806K [0x0000000082e00000, 0x0000000100000000)
  region size 1024K, 228 young (233472K), 1 survivors (1024K)
 Metaspace       used 31159K, committed 31552K, reserved 1114112K
  class space    used 3342K, committed 3520K, reserved 1048576K
}

Dll operation events (14 events):
Event: 0.007 Loaded shared library C:\Program Files\Java\jdk-21\bin\java.dll
Event: 0.034 Loaded shared library C:\Program Files\Java\jdk-21\bin\jsvml.dll
Event: 0.066 Loaded shared library C:\Program Files\Java\jdk-21\bin\net.dll
Event: 0.068 Loaded shared library C:\Program Files\Java\jdk-21\bin\nio.dll
Event: 0.085 Loaded shared library C:\Program Files\Java\jdk-21\bin\zip.dll
Event: 0.136 Loaded shared library C:\Program Files\Java\jdk-21\bin\jimage.dll
Event: 0.139 Loaded shared library C:\Program Files\Java\jdk-21\bin\awt.dll
Event: 0.284 Loaded shared library C:\Program Files\Java\jdk-21\bin\freetype.dll
Event: 0.285 Loaded shared library C:\Program Files\Java\jdk-21\bin\fontmanager.dll
Event: 0.399 Loaded shared library C:\Users\User\AppData\Local\Temp\flatlaf.temp\flatlaf-windows-x86_64-107036826600000.dll
Event: 81.959 Loaded shared library C:\Program Files\Java\jdk-21\bin\extnet.dll
Event: 82.223 Loaded shared library C:\Program Files\Java\jdk-21\bin\sunmscapi.dll
Event: 83.219 Loaded shared library C:\Program Files\Java\jdk-21\bin\verify.dll
Event: 87.555 Loaded shared library C:\Program Files\Java\jdk-21\bin\javajpeg.dll

Deoptimization events (20 events):
Event: 3605.984 Thread 0x000001dd33ac2c40 DEOPT PACKING pc=0x000001dd26c2e59c sp=0x0000005e7d4ff5f0
Event: 3605.984 Thread 0x000001dd33ac2c40 DEOPT UNPACKING pc=0x000001dd262246a2 sp=0x0000005e7d4ff468 mode 2
Event: 3606.680 Thread 0x000001dd33ac2c40 Uncommon trap: trap_request=0xffffff45 fr.pc=0x000001dd26c2d4c8 relative=0x0000000000000308
Event: 3606.680 Thread 0x000001dd33ac2c40 Uncommon trap: reason=unstable_if action=reinterpret pc=0x000001dd26c2d4c8 method=java.util.PriorityQueue.siftDownComparable(ILjava/lang/Object;[Ljava/lang/Object;I)V @ 14 c2
Event: 3606.680 Thread 0x000001dd33ac2c40 DEOPT PACKING pc=0x000001dd26c2d4c8 sp=0x0000005e7d4ff570
Event: 3606.680 Thread 0x000001dd33ac2c40 DEOPT UNPACKING pc=0x000001dd262246a2 sp=0x0000005e7d4ff470 mode 2
Event: 3606.681 Thread 0x000001dd79070450 Uncommon trap: trap_request=0xffffffc6 fr.pc=0x000001dd26c34abc relative=0x000000000000485c
Event: 3606.681 Thread 0x000001dd79070450 Uncommon trap: reason=bimorphic_or_optimized_type_check action=maybe_recompile pc=0x000001dd26c34abc method=javax.swing.Timer.fireActionPerformed(Ljava/awt/event/ActionEvent;)V @ 34 c2
Event: 3606.681 Thread 0x000001dd79070450 DEOPT PACKING pc=0x000001dd26c34abc sp=0x0000005e7d2fee10
Event: 3606.681 Thread 0x000001dd79070450 DEOPT UNPACKING pc=0x000001dd262246a2 sp=0x0000005e7d2fedf8 mode 2
Event: 28481.147 Thread 0x000001dd79070450 DEOPT PACKING pc=0x000001dd1fababf2 sp=0x0000005e7d2ff020
Event: 28481.148 Thread 0x000001dd79070450 DEOPT UNPACKING pc=0x000001dd26224e42 sp=0x0000005e7d2fe538 mode 0
Event: 69323.810 Thread 0x000001dd33ac2c40 Uncommon trap: trap_request=0xffffff45 fr.pc=0x000001dd26c2f8a0 relative=0x00000000000000e0
Event: 69323.812 Thread 0x000001dd33ac2c40 Uncommon trap: reason=unstable_if action=reinterpret pc=0x000001dd26c2f8a0 method=javax.swing.Timer.post()V @ 9 c2
Event: 69323.814 Thread 0x000001dd33ac2c40 DEOPT PACKING pc=0x000001dd26c2f8a0 sp=0x0000005e7d4ff630
Event: 69323.817 Thread 0x000001dd33ac2c40 DEOPT UNPACKING pc=0x000001dd262246a2 sp=0x0000005e7d4ff5d0 mode 2
Event: 72018.326 Thread 0x000001dd79015f20 Uncommon trap: trap_request=0xffffffbe fr.pc=0x000001dd26cb6e5c relative=0x00000000000002bc
Event: 72018.333 Thread 0x000001dd79015f20 Uncommon trap: reason=profile_predicate action=maybe_recompile pc=0x000001dd26cb6e5c method=java.util.HashMap.keysToArray([Ljava/lang/Object;)[Ljava/lang/Object; @ 36 c2
Event: 72018.381 Thread 0x000001dd79015f20 DEOPT PACKING pc=0x000001dd26cb6e5c sp=0x0000005e7d1fe1a0
Event: 72018.386 Thread 0x000001dd79015f20 DEOPT UNPACKING pc=0x000001dd262246a2 sp=0x0000005e7d1fe150 mode 2

Classes loaded (20 events):
Event: 105.065 Loading class javax/swing/JToolTip
Event: 105.065 Loading class javax/swing/JToolTip done
Event: 105.066 Loading class javax/swing/PopupFactory$HeavyWeightPopup
Event: 105.066 Loading class javax/swing/PopupFactory$HeavyWeightPopup done
Event: 105.074 Loading class com/sun/java/swing/plaf/windows/WindowsPopupWindow
Event: 105.074 Loading class com/sun/java/swing/plaf/windows/WindowsPopupWindow done
Event: 105.077 Loading class sun/awt/UngrabEvent
Event: 105.077 Loading class sun/awt/UngrabEvent done
Event: 106.355 Loading class javax/swing/Popup$DefaultFrame
Event: 106.355 Loading class javax/swing/Popup$DefaultFrame done
Event: 106.356 Loading class javax/swing/PopupFactory$HeavyWeightPopup$1
Event: 106.356 Loading class javax/swing/PopupFactory$HeavyWeightPopup$1 done
Event: 106.356 Loading class javax/swing/plaf/basic/BasicPopupMenuUI$MouseGrabber$2
Event: 106.356 Loading class javax/swing/plaf/basic/BasicPopupMenuUI$MouseGrabber$2 done
Event: 115.668 Loading class java/security/DomainCombiner
Event: 115.668 Loading class java/security/DomainCombiner done
Event: 35999.905 Loading class java/awt/desktop/SystemSleepListener
Event: 36000.127 Loading class java/awt/desktop/SystemEventListener
Event: 36000.145 Loading class java/awt/desktop/SystemEventListener done
Event: 36000.148 Loading class java/awt/desktop/SystemSleepListener done

Classes unloaded (0 events):
No events

Classes redefined (0 events):
No events

Internal exceptions (20 events):
Event: 1.159 Thread 0x000001dd79070450 Implicit null exception at 0x000001dd268297a0 to 0x000001dd26829b94
Event: 1.238 Thread 0x000001dd79070450 Exception <a 'java/lang/NoSuchMethodError'{0x000000008a709738}: 'float java.lang.invoke.DirectMethodHandle$Holder.invokeInterface(java.lang.Object, java.lang.Object)'> (0x000000008a709738) 
thrown [s\open\src\hotspot\share\interpreter\linkResolver.cpp, line 773]
Event: 1.239 Thread 0x000001dd79070450 Exception <a 'java/lang/IncompatibleClassChangeError'{0x000000008a70cfc0}: Found class java.lang.Object, but interface was expected> (0x000000008a70cfc0) 
thrown [s\open\src\hotspot\share\interpreter\linkResolver.cpp, line 840]
Event: 1.417 Thread 0x000001dd79070450 Implicit null exception at 0x000001dd267e0f2c to 0x000001dd267e41f4
Event: 7.007 Thread 0x000001dd79070450 Implicit null exception at 0x000001dd2680a6f3 to 0x000001dd2680a988
Event: 7.007 Thread 0x000001dd79070450 Implicit null exception at 0x000001dd268179a8 to 0x000001dd2681898c
Event: 7.065 Thread 0x000001dd79070450 Implicit null exception at 0x000001dd2680f8e2 to 0x000001dd2680f924
Event: 7.077 Thread 0x000001dd79070450 Exception <a 'java/lang/NoSuchMethodError'{0x0000000089b25568}: 'double java.lang.invoke.DirectMethodHandle$Holder.invokeSpecial(java.lang.Object, java.lang.Object)'> (0x0000000089b25568) 
thrown [s\open\src\hotspot\share\interpreter\linkResolver.cpp, line 773]
Event: 81.746 Thread 0x000001dd79070450 Exception <a 'java/lang/NoSuchMethodError'{0x000000008a7613b0}: 'java.lang.Object java.lang.invoke.DirectMethodHandle$Holder.invokeInterface(java.lang.Object, java.lang.Object)'> (0x000000008a7613b0) 
thrown [s\open\src\hotspot\share\interpreter\linkResolver.cpp, line 773]
Event: 81.767 Thread 0x000001dd79070450 Exception <a 'java/lang/NoSuchMethodError'{0x000000008a7eb2c8}: 'java.lang.Object java.lang.invoke.DirectMethodHandle$Holder.invokeVirtual(java.lang.Object, java.lang.Object, java.lang.Object)'> (0x000000008a7eb2c8) 
thrown [s\open\src\hotspot\share\interpreter\linkResolver.cpp, line 773]
Event: 82.097 Thread 0x000001dd79070450 Exception <a 'java/lang/NoSuchMethodError'{0x000000008a1e9d00}: 'void java.lang.invoke.DirectMethodHandle$Holder.invokeStaticInit(java.lang.Object, java.lang.Object)'> (0x000000008a1e9d00) 
thrown [s\open\src\hotspot\share\interpreter\linkResolver.cpp, line 773]
Event: 82.151 Thread 0x000001dd79070450 Exception <a 'sun/nio/fs/WindowsException'{0x0000000089f23c30}> (0x0000000089f23c30) 
thrown [s\open\src\hotspot\share\prims\jni.cpp, line 520]
Event: 82.184 Thread 0x000001dd79070450 Exception <a 'java/lang/NoSuchMethodError'{0x0000000089fd0cb0}: 'java.lang.Object java.lang.invoke.DirectMethodHandle$Holder.invokeStaticInit(java.lang.Object, int, int, int, int)'> (0x0000000089fd0cb0) 
thrown [s\open\src\hotspot\share\interpreter\linkResolver.cpp, line 773]
Event: 82.202 Thread 0x000001dd79070450 Exception <a 'java/lang/NoSuchMethodError'{0x0000000089e90ab0}: 'java.lang.Object java.lang.invoke.DirectMethodHandle$Holder.invokeStaticInit(java.lang.Object, java.lang.Object, int, int, int, int)'> (0x0000000089e90ab0) 
thrown [s\open\src\hotspot\share\interpreter\linkResolver.cpp, line 773]
Event: 82.575 Thread 0x000001dd79070450 Exception <a 'java/lang/NoSuchMethodError'{0x0000000087a077b8}: 'void java.lang.invoke.DirectMethodHandle$Holder.invokeStatic(java.lang.Object, java.lang.Object, java.lang.Object, java.lang.Object)'> (0x0000000087a077b8) 
thrown [s\open\src\hotspot\share\interpreter\linkResolver.cpp, line 773]
Event: 82.752 Thread 0x000001dd79070450 Exception <a 'java/lang/NoSuchMethodError'{0x0000000087a5ea20}: 'void java.lang.invoke.DirectMethodHandle$Holder.invokeInterface(java.lang.Object, java.lang.Object, java.lang.Object, java.lang.Object)'> (0x0000000087a5ea20) 
thrown [s\open\src\hotspot\share\interpreter\linkResolver.cpp, line 773]
Event: 83.326 Thread 0x000001dd7959e8d0 Exception <a 'java/lang/NoSuchMethodError'{0x0000000087292cc0}: 'java.lang.Object java.lang.invoke.DirectMethodHandle$Holder.newInvokeSpecial(java.lang.Object, java.lang.Object, java.lang.Object, int, int, int, int, int)'> (0x0000000087292cc0) 
thrown [s\open\src\hotspot\share\interpreter\linkResolver.cpp, line 773]
Event: 86.426 Thread 0x000001dd79070450 Exception <a 'java/lang/NoSuchMethodError'{0x0000000087f820d8}: 'void java.lang.invoke.DirectMethodHandle$Holder.invokeSpecial(java.lang.Object, java.lang.Object, int)'> (0x0000000087f820d8) 
thrown [s\open\src\hotspot\share\interpreter\linkResolver.cpp, line 773]
Event: 86.427 Thread 0x000001dd79070450 Exception <a 'java/lang/NoSuchMethodError'{0x0000000087f87760}: 'java.lang.Object java.lang.invoke.DirectMethodHandle$Holder.newInvokeSpecial(java.lang.Object, java.lang.Object, int)'> (0x0000000087f87760) 
thrown [s\open\src\hotspot\share\interpreter\linkResolver.cpp, line 773]
Event: 86.633 Thread 0x000001dd79070450 Implicit null exception at 0x000001dd26a2232c to 0x000001dd26a223b3

ZGC Phase Switch (0 events):
No events

VM Operations (20 events):
Event: 79044.907 Executing VM operation: G1CollectForAllocation (G1 Evacuation Pause) done
Event: 79045.286 Executing VM operation: G1CollectForAllocation (G1 Evacuation Pause)
Event: 79045.289 Executing VM operation: G1CollectForAllocation (G1 Evacuation Pause) done
Event: 79046.244 Executing VM operation: G1CollectForAllocation (G1 Evacuation Pause)
Event: 79046.245 Executing VM operation: G1CollectForAllocation (G1 Evacuation Pause) done
Event: 79046.696 Executing VM operation: G1CollectForAllocation (G1 Evacuation Pause)
Event: 79046.698 Executing VM operation: G1CollectForAllocation (G1 Evacuation Pause) done
Event: 79047.141 Executing VM operation: G1CollectForAllocation (G1 Evacuation Pause)
Event: 79047.143 Executing VM operation: G1CollectForAllocation (G1 Evacuation Pause) done
Event: 79047.579 Executing VM operation: G1CollectForAllocation (G1 Evacuation Pause)
Event: 79047.580 Executing VM operation: G1CollectForAllocation (G1 Evacuation Pause) done
Event: 79047.960 Executing VM operation: G1CollectForAllocation (G1 Evacuation Pause)
Event: 79047.961 Executing VM operation: G1CollectForAllocation (G1 Evacuation Pause) done
Event: 79048.382 Executing VM operation: G1CollectForAllocation (G1 Evacuation Pause)
Event: 79048.384 Executing VM operation: G1CollectForAllocation (G1 Evacuation Pause) done
Event: 79048.766 Executing VM operation: G1CollectForAllocation (G1 Evacuation Pause)
Event: 79048.768 Executing VM operation: G1CollectForAllocation (G1 Evacuation Pause) done
Event: 79048.997 Executing VM operation: G1CollectForAllocation (G1 Evacuation Pause)
Event: 79048.999 Executing VM operation: G1CollectForAllocation (G1 Evacuation Pause) done
Event: 79049.222 Executing VM operation: G1CollectForAllocation (G1 Evacuation Pause)

Events (20 events):
Event: 91.643 Thread 0x000001dd33c9ad60 Thread exited: 0x000001dd33c9ad60
Event: 91.970 Thread 0x000001dd33c9a6c0 Thread exited: 0x000001dd33c9a6c0
Event: 92.712 Thread 0x000001dd795a09a0 Thread exited: 0x000001dd795a09a0
Event: 92.859 Thread 0x000001dd7959e8d0 Thread exited: 0x000001dd7959e8d0
Event: 93.715 Thread 0x000001dd7c41a2f0 Thread added: 0x000001dd7c41a2f0
Event: 93.989 Thread 0x000001dd7c41a2f0 Thread exited: 0x000001dd7c41a2f0
Event: 96.419 Thread 0x000001dd7c41a960 Thread added: 0x000001dd7c41a960
Event: 96.575 Thread 0x000001dd7c41a960 Thread exited: 0x000001dd7c41a960
Event: 98.008 Thread 0x000001dd7ba73710 Thread added: 0x000001dd7ba73710
Event: 98.030 Thread 0x000001dd7ba71500 Thread added: 0x000001dd7ba71500
Event: 98.592 Thread 0x000001dd7ba71500 Thread exited: 0x000001dd7ba71500
Event: 98.592 Thread 0x000001dd7ba73710 Thread exited: 0x000001dd7ba73710
Event: 102.775 Thread 0x000001dd7ba71500 Thread added: 0x000001dd7ba71500
Event: 103.033 Thread 0x000001dd7ba71500 Thread exited: 0x000001dd7ba71500
Event: 111.994 Thread 0x000001dd7ba73710 Thread added: 0x000001dd7ba73710
Event: 113.713 Thread 0x000001dd7ba73710 Thread exited: 0x000001dd7ba73710
Event: 3538.946 Thread 0x000001dd7ba71bd0 Thread added: 0x000001dd7ba71bd0
Event: 3538.947 Thread 0x000001dd7ba71500 Thread added: 0x000001dd7ba71500
Event: 3540.203 Thread 0x000001dd7ba71bd0 Thread exited: 0x000001dd7ba71bd0
Event: 3540.203 Thread 0x000001dd7ba71500 Thread exited: 0x000001dd7ba71500


Dynamic libraries:
0x00007ff606b70000 - 0x00007ff606b80000 	C:\Program Files\Java\jdk-21\bin\java.exe
0x00007ff898260000 - 0x00007ff8984c0000 	C:\WINDOWS\SYSTEM32\ntdll.dll
0x00007ff897560000 - 0x00007ff897627000 	C:\WINDOWS\System32\KERNEL32.DLL
0x00007ff8955c0000 - 0x00007ff89598a000 	C:\WINDOWS\System32\KERNELBASE.dll
0x00007ff895bb0000 - 0x00007ff895cfb000 	C:\WINDOWS\System32\ucrtbase.dll
0x00007ff88c160000 - 0x00007ff88c179000 	C:\Program Files\Java\jdk-21\bin\jli.dll
0x00007ff8856d0000 - 0x00007ff8856eb000 	C:\Program Files\Java\jdk-21\bin\VCRUNTIME140.dll
0x00007ff8977e0000 - 0x00007ff897892000 	C:\WINDOWS\System32\ADVAPI32.dll
0x00007ff897980000 - 0x00007ff897a29000 	C:\WINDOWS\System32\msvcrt.dll
0x00007ff896be0000 - 0x00007ff896c86000 	C:\WINDOWS\System32\sechost.dll
0x00007ff897e50000 - 0x00007ff897f66000 	C:\WINDOWS\System32\RPCRT4.dll
0x00007ff897c80000 - 0x00007ff897e4c000 	C:\WINDOWS\System32\USER32.dll
0x00007ff895990000 - 0x00007ff8959b7000 	C:\WINDOWS\System32\win32u.dll
0x00007ff894810000 - 0x00007ff894aa7000 	C:\WINDOWS\WinSxS\amd64_microsoft.windows.common-controls_6595b64144ccf1df_6.0.26100.3624_none_3e086962e3345f24\COMCTL32.dll
0x00007ff897530000 - 0x00007ff89755a000 	C:\WINDOWS\System32\GDI32.dll
0x00007ff895e70000 - 0x00007ff895fa1000 	C:\WINDOWS\System32\gdi32full.dll
0x00007ff895fb0000 - 0x00007ff896053000 	C:\WINDOWS\System32\msvcp_win.dll
0x00007ff884950000 - 0x00007ff88495b000 	C:\WINDOWS\SYSTEM32\VERSION.dll
0x00007ff897c40000 - 0x00007ff897c6f000 	C:\WINDOWS\System32\IMM32.DLL
0x00007ff88c070000 - 0x00007ff88c07c000 	C:\Program Files\Java\jdk-21\bin\vcruntime140_1.dll
0x00007ff864e30000 - 0x00007ff864ebe000 	C:\Program Files\Java\jdk-21\bin\msvcp140.dll
0x00007ff80a9b0000 - 0x00007ff80b6c8000 	C:\Program Files\Java\jdk-21\bin\server\jvm.dll
0x00007ff896ca0000 - 0x00007ff896d14000 	C:\WINDOWS\System32\WS2_32.dll
0x00007ff8951e0000 - 0x00007ff89523e000 	C:\WINDOWS\SYSTEM32\POWRPROF.dll
0x00007ff87cc60000 - 0x00007ff87cc96000 	C:\WINDOWS\SYSTEM32\WINMM.dll
0x00007ff8950b0000 - 0x00007ff8950c4000 	C:\WINDOWS\SYSTEM32\UMPDC.dll
0x00007ff8938e0000 - 0x00007ff8938fa000 	C:\WINDOWS\SYSTEM32\kernel.appcore.dll
0x00007ff879210000 - 0x00007ff87921a000 	C:\Program Files\Java\jdk-21\bin\jimage.dll
0x00007ff894bc0000 - 0x00007ff894e01000 	C:\WINDOWS\SYSTEM32\DBGHELP.DLL
0x00007ff8963b0000 - 0x00007ff896732000 	C:\WINDOWS\System32\combase.dll
0x00007ff8978a0000 - 0x00007ff897976000 	C:\WINDOWS\System32\OLEAUT32.dll
0x00007ff894ab0000 - 0x00007ff894ae9000 	C:\WINDOWS\SYSTEM32\dbgcore.DLL
0x00007ff895a50000 - 0x00007ff895ae9000 	C:\WINDOWS\System32\bcryptPrimitives.dll
0x00007ff877d40000 - 0x00007ff877d5f000 	C:\Program Files\Java\jdk-21\bin\java.dll
0x00007ff896d20000 - 0x00007ff897449000 	C:\WINDOWS\System32\SHELL32.dll
0x00007ff895d00000 - 0x00007ff895e68000 	C:\WINDOWS\System32\wintypes.dll
0x00007ff892640000 - 0x00007ff892e92000 	C:\WINDOWS\SYSTEM32\windows.storage.dll
0x00007ff897b50000 - 0x00007ff897c3d000 	C:\WINDOWS\System32\SHCORE.dll
0x00007ff897630000 - 0x00007ff897694000 	C:\WINDOWS\System32\shlwapi.dll
0x00007ff895350000 - 0x00007ff89537f000 	C:\WINDOWS\SYSTEM32\profapi.dll
0x00007ff864ec0000 - 0x00007ff864f97000 	C:\Program Files\Java\jdk-21\bin\jsvml.dll
0x00007ff877d30000 - 0x00007ff877d40000 	C:\Program Files\Java\jdk-21\bin\net.dll
0x00007ff886850000 - 0x00007ff88696d000 	C:\WINDOWS\SYSTEM32\WINHTTP.dll
0x00007ff893da0000 - 0x00007ff893e0a000 	C:\WINDOWS\system32\mswsock.dll
0x00007ff877bd0000 - 0x00007ff877be6000 	C:\Program Files\Java\jdk-21\bin\nio.dll
0x00007ff8656a0000 - 0x00007ff8656b8000 	C:\Program Files\Java\jdk-21\bin\zip.dll
0x00007ff854870000 - 0x00007ff8549ff000 	C:\Program Files\Java\jdk-21\bin\awt.dll
0x00007ff88e2a0000 - 0x00007ff88e33c000 	C:\WINDOWS\SYSTEM32\apphelp.dll
0x00007ff88eaa0000 - 0x00007ff88eb4e000 	C:\WINDOWS\system32\uxtheme.dll
0x00007ff896090000 - 0x00007ff8961ed000 	C:\WINDOWS\System32\MSCTF.dll
0x00007ff896210000 - 0x00007ff8963a6000 	C:\WINDOWS\System32\ole32.dll
0x00007ff88ed70000 - 0x00007ff88eda6000 	C:\WINDOWS\system32\DWMAPI.DLL
0x00007ff864da0000 - 0x00007ff864e27000 	C:\Program Files\Java\jdk-21\bin\freetype.dll
0x00007ff8632d0000 - 0x00007ff8633b1000 	C:\Program Files\Java\jdk-21\bin\fontmanager.dll
0x00007ff85f730000 - 0x00007ff85f83c000 	C:\WINDOWS\system32\opengl32.dll
0x00007ff85f6c0000 - 0x00007ff85f6ed000 	C:\WINDOWS\SYSTEM32\GLU32.dll
0x00007ff88efc0000 - 0x00007ff88f007000 	C:\WINDOWS\SYSTEM32\dxcore.dll
0x00007ff88c1a0000 - 0x00007ff88c1a6000 	C:\Users\User\AppData\Local\Temp\flatlaf.temp\flatlaf-windows-x86_64-107036826600000.dll
0x00007ff865b60000 - 0x00007ff865b67000 	C:\Program Files\Java\jdk-21\bin\jawt.dll
0x00007ff8814e0000 - 0x00007ff881629000 	C:\WINDOWS\SYSTEM32\textinputframework.dll
0x00007ff88ded0000 - 0x00007ff88dff6000 	C:\WINDOWS\SYSTEM32\CoreMessaging.dll
0x00007ff88b930000 - 0x00007ff88bc13000 	C:\WINDOWS\SYSTEM32\CoreUIComponents.dll
0x00007ff894410000 - 0x00007ff89441c000 	C:\WINDOWS\SYSTEM32\CRYPTBASE.DLL
0x00007ff897730000 - 0x00007ff8977d8000 	C:\WINDOWS\System32\clbcatq.dll
0x00007ff88caf0000 - 0x00007ff88cd1e000 	C:\WINDOWS\SYSTEM32\WindowsCodecs.dll
0x00007ff85b460000 - 0x00007ff85b4ba000 	C:\WINDOWS\system32\dataexchange.dll
0x00007ff885140000 - 0x00007ff88537b000 	C:\WINDOWS\system32\twinapi.appcore.dll
0x00007ff893420000 - 0x00007ff893545000 	C:\WINDOWS\SYSTEM32\DNSAPI.dll
0x00007ff8933e0000 - 0x00007ff893413000 	C:\WINDOWS\SYSTEM32\IPHLPAPI.DLL
0x00007ff8961f0000 - 0x00007ff8961fa000 	C:\WINDOWS\System32\NSI.dll
0x00007ff885900000 - 0x00007ff88590b000 	C:\Windows\System32\rasadhlp.dll
0x00007ff88b7b0000 - 0x00007ff88b835000 	C:\WINDOWS\System32\fwpuclnt.dll
0x00007ff8767f0000 - 0x00007ff8767f9000 	C:\Program Files\Java\jdk-21\bin\extnet.dll
0x00007ff894f30000 - 0x00007ff894f4c000 	C:\WINDOWS\SYSTEM32\CRYPTSP.dll
0x00007ff894420000 - 0x00007ff89445a000 	C:\WINDOWS\system32\rsaenh.dll
0x00007ff893e10000 - 0x00007ff893e3b000 	C:\WINDOWS\SYSTEM32\USERENV.dll
0x00007ff895320000 - 0x00007ff895346000 	C:\WINDOWS\SYSTEM32\bcrypt.dll
0x00007ff88c190000 - 0x00007ff88c19e000 	C:\Program Files\Java\jdk-21\bin\sunmscapi.dll
0x00007ff895440000 - 0x00007ff8955b7000 	C:\WINDOWS\System32\CRYPT32.dll
0x00007ff894360000 - 0x00007ff894390000 	C:\WINDOWS\SYSTEM32\ncrypt.dll
0x00007ff894310000 - 0x00007ff89434f000 	C:\WINDOWS\SYSTEM32\NTASN1.dll
0x00007ff877bc0000 - 0x00007ff877bd0000 	C:\Program Files\Java\jdk-21\bin\verify.dll
0x00007ff88c130000 - 0x00007ff88c15e000 	C:\Program Files\Java\jdk-21\bin\javajpeg.dll

dbghelp: loaded successfully - version: 4.0.5 - missing functions: none
symbol engine: initialized successfully - sym options: 0x614 - pdb path: .;C:\Program Files\Java\jdk-21\bin;C:\WINDOWS\SYSTEM32;C:\WINDOWS\WinSxS\amd64_microsoft.windows.common-controls_6595b64144ccf1df_6.0.26100.3624_none_3e086962e3345f24;C:\Program Files\Java\jdk-21\bin\server;C:\Users\User\AppData\Local\Temp\flatlaf.temp

VM Arguments:
jvm_args: -Dfile.encoding=UTF-8 --module-path=C:\Users\User\Documents\NetBeansProjects\Allionz-IMS\build\classes 
java_command: gui.MainApplication
java_class_path (initial): C:\Users\User\Documents\NetBeansProjects\Allionz-IMS\lib\flatlaf-3.4.1.jar;C:\Users\User\Documents\NetBeansProjects\Allionz-IMS\lib\flatlaf-extras-3.4.1.jar;C:\Users\User\Documents\NetBeansProjects\Allionz-IMS\lib\flatlaf-intellij-themes-3.4.1.jar;C:\Users\User\Documents\NetBeansProjects\Allionz-IMS\lib\jcalendar-1.4.jar;C:\Users\User\Documents\NetBeansProjects\Allionz-IMS\lib\jsvg-1.4.0.jar;C:\Users\User\Documents\NetBeansProjects\Allionz-IMS\lib\junit-4.13.2.jar;C:\Users\User\Documents\NetBeansProjects\Allionz-IMS\lib\mysql-connector-j-9.0.0.jar;C:\Users\User\Documents\NetBeansProjects\Allionz-IMS\lib\rt.jar;C:\Users\User\Documents\NetBeansProjects\Allionz-IMS\lib\commons-beanutils-1.9.4 .jar;C:\Users\User\Documents\NetBeansProjects\Allionz-IMS\lib\commons-collections-3.2.2.jar;C:\Users\User\Documents\NetBeansProjects\Allionz-IMS\lib\commons-collections4-4.1.jar;C:\Users\User\Documents\NetBeansProjects\Allionz-IMS\lib\commons-digester-2.1.jar;C:\Users\User\Documents\NetBeansProjects\Allionz-IMS\lib\commons-logging-1.2.jar;C:\Users\User\Documents\NetBeansProjects\Allionz-IMS\lib\jasperreports-7.0.0.jar;C:\Users\User\Documents\NetBeansProjects\Allionz-IMS\lib\jasperreports-extensions-3.5.3.jar;C:\Users\User\Documents\NetBeansProjects\Allionz-IMS\lib\jasperreports-fonts-7.0.0.jar;C:\Users\User\Documents\NetBeansProjects\Allionz-IMS\lib\jasperreports-pdf-7.0.0.jar;C:\Users\User\Documents\NetBeansProjects\Allionz-IMS\lib\absolutelayout\AbsoluteLayout.jar;C:\Users\User\Documents\NetBeansProjects\Allionz-IMS\lib\JFreeChart.jar;C:\Users\User\Documents\NetBeansProjects\Allionz-IMS\lib\core-3.5.0.jar;C:\Users\User\Documents\NetBeansProjects\Allionz-IMS\lib\javase-3.5.0.jar;C:\Users\User\Documents\NetBeansProjects\Allionz-IMS\lib\jcommon-1.0.23.jar;C:\Users\User\Documents\NetBeansProjects\Allionz-IMS\lib\jfreechart-1.0.19.jar;C:\Users\User\Documents\NetBeansProjects\Allionz-IMS\build\classes
Launcher Type: SUN_STANDARD

[Global flags]
     intx CICompilerCount                          = 4                                         {product} {ergonomic}
     uint ConcGCThreads                            = 2                                         {product} {ergonomic}
     uint G1ConcRefinementThreads                  = 8                                         {product} {ergonomic}
   size_t G1HeapRegionSize                         = 1048576                                   {product} {ergonomic}
    uintx GCDrainStackTargetSize                   = 64                                        {product} {ergonomic}
   size_t InitialHeapSize                          = 132120576                                 {product} {ergonomic}
   size_t MarkStackSize                            = 4194304                                   {product} {ergonomic}
   size_t MaxHeapSize                              = 2099249152                                {product} {ergonomic}
   size_t MaxNewSize                               = 1259339776                                {product} {ergonomic}
   size_t MinHeapDeltaBytes                        = 1048576                                   {product} {ergonomic}
   size_t MinHeapSize                              = 8388608                                   {product} {ergonomic}
    uintx NonNMethodCodeHeapSize                   = 5839372                                {pd product} {ergonomic}
    uintx NonProfiledCodeHeapSize                  = 122909434                              {pd product} {ergonomic}
    uintx ProfiledCodeHeapSize                     = 122909434                              {pd product} {ergonomic}
    uintx ReservedCodeCacheSize                    = 251658240                              {pd product} {ergonomic}
     bool SegmentedCodeCache                       = true                                      {product} {ergonomic}
   size_t SoftMaxHeapSize                          = 2099249152                             {manageable} {ergonomic}
     bool UseCompressedOops                        = true                           {product lp64_product} {ergonomic}
     bool UseG1GC                                  = true                                      {product} {ergonomic}
     bool UseLargePagesIndividualAllocation        = false                                  {pd product} {ergonomic}

Logging:
Log output configuration:
 #0: stdout all=warning uptime,level,tags foldmultilines=false
 #1: stderr all=off uptime,level,tags foldmultilines=false

Environment Variables:
JAVA_HOME=C:\Program Files\Java\jdk1.8.0_202
PATH=C:\Program Files (x86)\Common Files\Oracle\Java\javapath;C:\Program Files\Common Files\Oracle\Java\javapath;C:\WINDOWS\system32;C:\WINDOWS;C:\WINDOWS\System32\Wbem;C:\WINDOWS\System32\WindowsPowerShell\v1.0\;C:\WINDOWS\System32\OpenSSH\;C:\Program Files\Java\jdk1.8.0_202\bin;C:\Program Files\MySQL\MySQL Shell 8.0\bin\;C:\Users\User\AppData\Local\Microsoft\WindowsApps;C:\Users\User\AppData\Local\GitHubDesktop\bin;C:\Users\User\AppData\Local\Programs\Microsoft VS Code\bin
USERNAME=User
OS=Windows_NT
PROCESSOR_IDENTIFIER=Intel64 Family 6 Model 142 Stepping 12, GenuineIntel
TMP=C:\Users\User\AppData\Local\Temp
TEMP=C:\Users\User\AppData\Local\Temp




Periodic native trim disabled

---------------  S Y S T E M  ---------------

OS:
 Windows 11 , 64 bit Build 26100 (10.0.26100.3775)
OS uptime: 1 days 0:55 hours
Hyper-V role detected

CPU: total 8 (initial active 8) (4 cores per cpu, 2 threads per core) family 6 model 142 stepping 12 microcode 0xf8, cx8, cmov, fxsr, ht, mmx, 3dnowpref, sse, sse2, sse3, ssse3, sse4.1, sse4.2, popcnt, lzcnt, tsc, tscinvbit, avx, avx2, aes, erms, clmul, bmi1, bmi2, adx, fma, vzeroupper, clflush, clflushopt, hv, rdtscp, f16c
Processor Information for all 8 processors :
  Max Mhz: 1896, Current Mhz: 1596, Mhz Limit: 1592

Memory: 4k page, system-wide physical 8002M (278M free)
TotalPageFile size 25902M (AvailPageFile size 4M)
current process WorkingSet (physical memory assigned to process): 243M, peak: 429M
current process commit charge ("private bytes"): 564M, peak: 809M

vm_info: Java HotSpot(TM) 64-Bit Server VM (21.0.5+9-LTS-239) for windows-amd64 JRE (21.0.5+9-LTS-239), built on 2024-09-30T05:17:38Z by "mach5one" with MS VC++ 17.6 (VS2022)

END.
